BL51 BANKED LINKER/LOCATER V5.03                                                        06/30/2015  19:11:10  PAGE 1


BL51 BANKED LINKER/LOCATER V5.03, INVOKED BY:
C:\KEIL\C51\BIN\BL51.EXE Medipix.obj TO Medipix RAMSIZE (256)


INPUT MODULES INCLUDED:
  Medipix.obj (MEDIPIX)


LINK MAP OF MODULE:  Medipix (MEDIPIX)


            TYPE    BASE      LENGTH    RELOCATION   SEGMENT NAME
            -----------------------------------------------------

            * * * * * * *   D A T A   M E M O R Y   * * * * * * *
            DATA    0000H     0076H     ABSOLUTE     
* OVERLAP * REG     0000H     0008H     ABSOLUTE     "REG BANK 0"

            * * * * * * *  X D A T A   M E M O R Y  * * * * * * *
            XDATA   0000H     03C8H     ABSOLUTE     

            * * * * * * *   C O D E   M E M O R Y   * * * * * * *
            CODE    0000H     1E0FH     ABSOLUTE     



SYMBOL TABLE OF MODULE:  Medipix (MEDIPIX)

  VALUE           TYPE          NAME
  ----------------------------------

  -------         MODULE        MEDIPIX
  D:00E0H         SYMBOL        ACC
  D:00EFH         SYMBOL        ADCCON1
  D:00D8H         SYMBOL        ADCCON2
  D:00F5H         SYMBOL        ADCCON3
  D:00DAH         SYMBOL        ADCDATAH
  D:00D9H         SYMBOL        ADCDATAL
  D:00F4H         SYMBOL        ADCGAINH
  D:00F3H         SYMBOL        ADCGAINL
  B:00D8H.7       SYMBOL        ADCI
  D:00F2H         SYMBOL        ADCOFSH
  D:00F1H         SYMBOL        ADCOFSL
  D:0022H         SYMBOL        ADCUSED
  B:0022H.1       SYMBOL        ADCUSED_MONITOR
  B:0022H.0       SYMBOL        ADCUSED_SCOPE
  D:00F0H         SYMBOL        B
  D:0020H         SYMBOL        BACKGROUND
  C:043FH         SYMBOL        BACKSERVTRIGGERCOINC
  C:0449H         SYMBOL        BACKSERVTRIGGERINVCOINC
  C:0442H         SYMBOL        BACKSERVTRIGGERVALCOINC
  C:0450H         SYMBOL        BACKSERV_COUNTER
  C:0425H         SYMBOL        BACKSERV_INTERVAL
  C:042CH         SYMBOL        BACKSERV_PERIOD
  C:0468H         SYMBOL        BACKSERV_READMATRIX
  C:0457H         SYMBOL        BACKSERV_SCOPE
  C:0433H         SYMBOL        BACKSERV_TRIGGER
  B:0020H.3       SYMBOL        BACK_COUNTER
BL51 BANKED LINKER/LOCATER V5.03                                                      06/30/2015  19:11:10  PAGE 2


  B:0020H.0       SYMBOL        BACK_INTERVAL
  B:0020H.1       SYMBOL        BACK_PERIOD
  B:0020H.5       SYMBOL        BACK_READMATRIX
  B:0020H.4       SYMBOL        BACK_SCOPE
  B:0020H.6       SYMBOL        BACK_TODOCOM1
  B:0020H.7       SYMBOL        BACK_TODOCOM2
  B:0020H.2       SYMBOL        BACK_TRIGGER
  B:00C8H.0       SYMBOL        CAP2
  B:00D8H.5       SYMBOL        CCONV
  N:0000H         SYMBOL        CERN_CABLE
  D:00AFH         SYMBOL        CFG841
  C:038FH         SYMBOL        CHECKBACKFINISHED
  C:0331H         SYMBOL        CHECKBACKGROUND
  C:033EH         SYMBOL        CHECKBACKGROUNDBODY
  C:0291H         SYMBOL        CHECKBACKGROUNDPROC
  C:036DH         SYMBOL        CHECKBACK_COMMAND1
  C:037EH         SYMBOL        CHECKBACK_COMMAND2
  C:0358H         SYMBOL        CHECKBACK_COUNTER
  C:0343H         SYMBOL        CHECKBACK_INTERVAL
  C:034AH         SYMBOL        CHECKBACK_PERIOD
  C:0366H         SYMBOL        CHECKBACK_READMATRIX
  C:035FH         SYMBOL        CHECKBACK_SCOPE
  C:0351H         SYMBOL        CHECKBACK_TRIGGER
  C:029AH         SYMBOL        CHECKFTDICOMMAND
  C:1B2AH         SYMBOL        CHECKSCOPECHANNELS
  X:0000H         SYMBOL        CHIPBOARD_ID
  D:00C2H         SYMBOL        CHIPID
  C:0394H         SYMBOL        CHKBACKRETURN
  C:1862H         SYMBOL        CLEARCOUNTER_
  C:1A21H         SYMBOL        CLEARFRAMECOUNTER_
  C:18B5H         SYMBOL        CLEARPERIOD_
  C:16BFH         SYMBOL        CLEARTIMER_
  C:19A0H         SYMBOL        CLEARTRIGGER_
  C:015AH         SYMBOL        CLOSESHUTTER
  C:018DH         SYMBOL        CLOSESHUTTERINT
  C:01A8H         SYMBOL        CLOSESHUTTERINTTIMEPIX
  C:0171H         SYMBOL        CLOSESHUTTERTIMEPIX
  B:00C8H.1       SYMBOL        CNT2
  C:009DH         SYMBOL        COINCAPPROVED
  C:0512H         SYMBOL        COINCFINALNOTIFDONE
  C:04F2H         SYMBOL        COINCFINALNOTIFICATION
  C:0500H         SYMBOL        COINCFINALNOTIFYMAKE
  C:0083H         SYMBOL        COINCIDENCEMODE
  C:00B1H         SYMBOL        COINCIDENCEMODEEND
  C:00AAH         SYMBOL        COINCNOTIFPULSE
  C:0093H         SYMBOL        COINCREJECTED
  C:050CH         SYMBOL        COINCRESETEVENTFLAGS
  C:0083H         SYMBOL        COINCTESTHIGH
  C:008BH         SYMBOL        COINCTESTLOW
  B:00E0H.6       SYMBOL        COINC_COINCEVENT
  B:00E0H.7       SYMBOL        COINC_INVALIDCOINC
  B:00E0H.2       SYMBOL        COINC_NOTIFY
  B:00E0H.5       SYMBOL        COINC_NOTIFYBYPULSE
  B:00E0H.3       SYMBOL        COINC_NOTIFYINITLEVEL
  B:00E0H.4       SYMBOL        COINC_NOTIFYVALIDCOINC
  B:00E0H.0       SYMBOL        COINC_TEST
  C:0282H         SYMBOL        COMMANDRECEIVED
BL51 BANKED LINKER/LOCATER V5.03                                                      06/30/2015  19:11:10  PAGE 3


  C:08A6H         SYMBOL        COMPSERV_CPURESET
  C:176CH         SYMBOL        COMSERV_ABORTEXPOSITION
  C:0B57H         SYMBOL        COMSERV_CHIPBOARDID
  C:0C70H         SYMBOL        COMSERV_CLOSESHUTTER
  C:0C74H         SYMBOL        COMSERV_CLOSESHUTTERANDSENDDATA
  C:1663H         SYMBOL        COMSERV_CMOSTEST
  C:186EH         SYMBOL        COMSERV_COUNTERSET
  C:186EH         SYMBOL        COMSERV_COUNTERSTART
  C:1881H         SYMBOL        COMSERV_COUNTERSTOP
  C:0D3CH         SYMBOL        COMSERV_DCSWITCHOFF
  C:0D39H         SYMBOL        COMSERV_DCSWITCHON
  C:0967H         SYMBOL        COMSERV_ERASEMATRIX
  C:160CH         SYMBOL        COMSERV_FLASH
  C:1635H         SYMBOL        COMSERV_FLASH_INVALID
  C:1A2DH         SYMBOL        COMSERV_FRAMECOUNTERSET
  C:1A45H         SYMBOL        COMSERV_FRAMECOUNTERSTART
  C:1A56H         SYMBOL        COMSERV_FRAMECOUNTERSTATE
  C:1AE1H         SYMBOL        COMSERV_GETTODO
  C:0D17H         SYMBOL        COMSERV_HELP
  C:1678H         SYMBOL        COMSERV_I2CTEST
  C:0D32H         SYMBOL        COMSERV_INFO
  C:17E4H         SYMBOL        COMSERV_INTERVALELAPSEDTIME
  C:1708H         SYMBOL        COMSERV_INTERVALEXPOSITION
  C:1706H         SYMBOL        COMSERV_INTERVALEXPOSITIONSET
  C:1738H         SYMBOL        COMSERV_INTERVALMULTIEXPOSITION
  C:1791H         SYMBOL        COMSERV_INTERVALRESET
  C:177DH         SYMBOL        COMSERV_INTERVALSET
  C:1799H         SYMBOL        COMSERV_INTERVALSTATE
  C:1794H         SYMBOL        COMSERV_INTERVALSTOP
  C:1636H         SYMBOL        COMSERV_LVDSTEST
  C:1AEAH         SYMBOL        COMSERV_MAKETODO
  C:0961H         SYMBOL        COMSERV_MEDIPIXCOUNT
  C:0C58H         SYMBOL        COMSERV_OPENSHUTTER
  C:0DA9H         SYMBOL        COMSERV_OSCILATINGSHUTTER
  C:1935H         SYMBOL        COMSERV_PERIODICALEXPOSITION
  C:18DCH         SYMBOL        COMSERV_PERIODSET
  C:18C1H         SYMBOL        COMSERV_PERIODSTART
  C:18F3H         SYMBOL        COMSERV_PERIODSTATE
  C:18EEH         SYMBOL        COMSERV_PERIODSTOP
  C:0CFDH         SYMBOL        COMSERV_POLARITYNEGATIVE
  C:0D07H         SYMBOL        COMSERV_POLARITYPOSITIVE
  C:0A1FH         SYMBOL        COMSERV_READMATRIX
  C:0A7BH         SYMBOL        COMSERV_READMATRIXCLEAR
  C:08AFH         SYMBOL        COMSERV_RESET
  C:0D77H         SYMBOL        COMSERV_RESETBIAS
  C:15CAH         SYMBOL        COMSERV_RESETMPXSTARTTRIGGERSTARTINTERVAL
  C:08C4H         SYMBOL        COMSERV_RESETTODEFAULT
  C:1BE0H         SYMBOL        COMSERV_SCOPECONFIGURE
  C:1BB9H         SYMBOL        COMSERV_SCOPESENDDATA
  C:0CE9H         SYMBOL        COMSERV_SELECTFSR0
  C:0CF3H         SYMBOL        COMSERV_SELECTFSR1
  C:0D11H         SYMBOL        COMSERV_SENDCMOSSETTINGS
  C:0D62H         SYMBOL        COMSERV_SETBIAS
  C:0D7AH         SYMBOL        COMSERV_SETDAC
  C:0C18H         SYMBOL        COMSERV_SETDACS
  C:1A8BH         SYMBOL        COMSERV_SETDELAY
  C:08DAH         SYMBOL        COMSERV_SETMATRIXDEFAULT
BL51 BANKED LINKER/LOCATER V5.03                                                      06/30/2015  19:11:10  PAGE 4


  C:094DH         SYMBOL        COMSERV_SETMATRIXDEFAULTNOTIFY
  C:09CAH         SYMBOL        COMSERV_SETMATRIXSTREAM
  C:0948H         SYMBOL        COMSERV_SETMATRIXTESTPATTERN
  C:1AD8H         SYMBOL        COMSERV_SETTODO
  C:0D3FH         SYMBOL        COMSERV_SETTPXCLOCK
  C:0DA2H         SYMBOL        COMSERV_SYNCHONIZATION
  C:0AC7H         SYMBOL        COMSERV_TESTFSR
  C:0B34H         SYMBOL        COMSERV_TESTFSRCYCLIC
  C:0C79H         SYMBOL        COMSERV_TESTPULSE
  C:19C3H         SYMBOL        COMSERV_TRIGGERCOINCSET
  C:1AF5H         SYMBOL        COMSERV_TRIGGEROUTCPL
  C:1AEFH         SYMBOL        COMSERV_TRIGGEROUTHIGH
  C:1AF2H         SYMBOL        COMSERV_TRIGGEROUTLOW
  C:19BEH         SYMBOL        COMSERV_TRIGGERSET
  C:19ACH         SYMBOL        COMSERV_TRIGGERSTART
  C:19DEH         SYMBOL        COMSERV_TRIGGERSTATE
  C:19DBH         SYMBOL        COMSERV_TRIGGERSTOP
  C:0D9FH         SYMBOL        COMSERV_WATCHDOGTEST
  C:0513H         SYMBOL        COM_TABLE
  C:1852H         SYMBOL        COUNTERCLEAR
  C:1836H         SYMBOL        COUNTERDEFAULT
  C:0115H         SYMBOL        COUNTERINCREMENT
  C:011DH         SYMBOL        COUNTEROVERFLOW
  C:0125H         SYMBOL        COUNTERRETURN
  D:0049H         SYMBOL        COUNTER_COUNT
  D:004FH         SYMBOL        COUNTER_CURR
  D:0053H         SYMBOL        COUNTER_TODO
  B:00F8H.2       SYMBOL        CPHA
  B:00F8H.3       SYMBOL        CPOL
  B:00D8H.0       SYMBOL        CS0
  C:0C2FH         SYMBOL        CS080
  B:00D8H.1       SYMBOL        CS1
  B:00D8H.2       SYMBOL        CS2
  B:00D8H.3       SYMBOL        CS3
  C:0D44H         SYMBOL        CSSTC_0
  C:0D4BH         SYMBOL        CSSTC_1
  C:0D54H         SYMBOL        CSSTC_2
  C:0D5DH         SYMBOL        CSSTC_3
  D:00FAH         SYMBOL        DAC0H
  D:00F9H         SYMBOL        DAC0L
  D:00FCH         SYMBOL        DAC1H
  D:00FBH         SYMBOL        DAC1L
  D:00FDH         SYMBOL        DACCON
  C:0BE6H         SYMBOL        DACDEFENDS
  D:00E8H         SYMBOL        DCON
  B:00A0H.7       SYMBOL        DCSHUTDOWN
  C:1A83H         SYMBOL        DELAYDEFAULT
  D:005CH         SYMBOL        DELAY_HOWMUCH
  D:005BH         SYMBOL        DELAY_TODOWHEN
  B:00D8H.6       SYMBOL        DMA
  D:00D3H         SYMBOL        DMAH
  D:00D2H         SYMBOL        DMAL
  D:00D4H         SYMBOL        DMAP
  C:0277H         SYMBOL        DONTREFRESHNOW
  D:00A7H         SYMBOL        DPCON
  D:0083H         SYMBOL        DPH
  D:0082H         SYMBOL        DPL
BL51 BANKED LINKER/LOCATER V5.03                                                      06/30/2015  19:11:10  PAGE 5


  D:0084H         SYMBOL        DPP
  C:09BDH         SYMBOL        DRM_1
  C:09A7H         SYMBOL        DUMMYREADMATRIX
  B:00A8H.7       SYMBOL        EA
  B:00A8H.6       SYMBOL        EADC
  D:00C7H         SYMBOL        EADRH
  D:00C6H         SYMBOL        EADRL
  D:00B9H         SYMBOL        ECON
  D:00BCH         SYMBOL        EDATA1
  D:00BDH         SYMBOL        EDATA2
  D:00BEH         SYMBOL        EDATA3
  D:00BFH         SYMBOL        EDATA4
  C:02FEH         SYMBOL        ENDOFCOMMAND
  C:0328H         SYMBOL        ENDOFPROCESSCOMMAND
  C:0987H         SYMBOL        ERASEMATRIXBYTE
  C:0998H         SYMBOL        ERASEMATRIXBYTECONTINUE
  C:09A1H         SYMBOL        ERASEMATRIXEND
  C:030BH         SYMBOL        ERROROCCURED
  B:00A8H.4       SYMBOL        ES
  B:00A8H.1       SYMBOL        ET0
  B:00A8H.3       SYMBOL        ET1
  B:00A8H.5       SYMBOL        ET2
  B:00A8H.0       SYMBOL        EX0
  B:00C8H.3       SYMBOL        EXEN2
  B:00C8H.6       SYMBOL        EXF2
  B:00D0H.1       SYMBOL        F1
  N:0005H         SYMBOL        FLASH_ERASE
  N:0001H         SYMBOL        FLASH_READ
  N:0081H         SYMBOL        FLASH_READBYTE
  N:0004H         SYMBOL        FLASH_VERIFY
  N:0002H         SYMBOL        FLASH_WRITE
  N:0082H         SYMBOL        FLASH_WRITEBYTE
  C:1A15H         SYMBOL        FRAMECOUNTERCLEAR
  C:1A03H         SYMBOL        FRAMECOUNTERDEFAULT
  C:04CEH         SYMBOL        FRAMECOUNTERINCREMENT
  C:04D6H         SYMBOL        FRAMECOUNTEROVERFLOW
  C:1A45H         SYMBOL        FRAMECOUNTERRESTART
  C:04C9H         SYMBOL        FRAMECOUNTTEST
  C:04EDH         SYMBOL        FRAMEDONE
  D:005EH         SYMBOL        FRAME_COUNT
  D:0062H         SYMBOL        FRAME_CURR
  D:0066H         SYMBOL        FRAME_TODO
  C:1D6FH         SYMBOL        FTCLEAREND
  C:1D68H         SYMBOL        FTCLRNEXT
  C:1D72H         SYMBOL        FT_010
  C:1D80H         SYMBOL        FT_020
  C:1D57H         SYMBOL        FT_CHECKCHAR
  C:1D62H         SYMBOL        FT_CLEARFIFO
  C:1D47H         SYMBOL        FT_GETCHAR
  D:0080H         SYMBOL        FT_PORT
  B:00A0H.0       SYMBOL        FT_RD
  B:00A0H.3       SYMBOL        FT_RXF
  C:1D3FH         SYMBOL        FT_SENDCHAR
  C:1D70H         SYMBOL        FT_SENDSTRING
  C:1D5CH         SYMBOL        FT_TAKECHAR
  B:00A0H.2       SYMBOL        FT_TXE
  B:00A0H.1       SYMBOL        FT_WR
BL51 BANKED LINKER/LOCATER V5.03                                                      06/30/2015  19:11:10  PAGE 6


  C:0C9FH         SYMBOL        GENERATESINGLEPULSE
  C:0B75H         SYMBOL        GETCHIPBOARDTYPEANDIDSILENT
  C:0BC9H         SYMBOL        GOTONEXTIDBYTES
  C:0BC8H         SYMBOL        GOTONEXTIDBYTESDECA
  C:0D2CH         SYMBOL        HELPFINISHED
  C:0D20H         SYMBOL        HELPSINGLECOMMAND
  D:00A5H         SYMBOL        HOUR
  D:00A2H         SYMBOL        HTHSEC
  D:009BH         SYMBOL        I2CADD
  D:0091H         SYMBOL        I2CADD1
  D:0092H         SYMBOL        I2CADD2
  D:0093H         SYMBOL        I2CADD3
  D:00E8H         SYMBOL        I2CCON
  D:009AH         SYMBOL        I2CDAT
  B:00E8H.6       SYMBOL        I2CGC
  B:00E8H.0       SYMBOL        I2CI
  B:00E8H.4       SYMBOL        I2CID0
  B:00E8H.5       SYMBOL        I2CID1
  B:00E8H.3       SYMBOL        I2CM
  B:00E8H.2       SYMBOL        I2CRS
  B:00E8H.7       SYMBOL        I2CSI
  C:1687H         SYMBOL        I2CTEST_JUSTREAD
  B:00E8H.1       SYMBOL        I2CTX
  D:00A9H         SYMBOL        IEIP2
  B:0023H.0       SYMBOL        IGNORENEXTTRG
  C:022EH         SYMBOL        INITMEDIPIX
  C:1AABH         SYMBOL        INNERDELAYLOOP
  C:1ACAH         SYMBOL        INNERDELAYLOOP1
  C:16AFH         SYMBOL        INTERVALCLEAR
  C:1695H         SYMBOL        INTERVALDEFAULT
  C:17E4H         SYMBOL        INTERVALELAPSEDTIME
  C:1708H         SYMBOL        INTERVALEXPOSITION
  C:00E8H         SYMBOL        INTERVALINCREMENT
  C:16CBH         SYMBOL        INTERVALMEASURE
  C:00F0H         SYMBOL        INTERVALOVERFLOW
  C:16E8H         SYMBOL        INTERVALRESTART
  C:00FEH         SYMBOL        INTERVALRETURN
  D:0038H         SYMBOL        INTERVAL_CURR
  D:003DH         SYMBOL        INTERVAL_MODE
  D:0032H         SYMBOL        INTERVAL_TIME
  D:003CH         SYMBOL        INTERVAL_TODO
  D:00A6H         SYMBOL        INTVAL
  C:00CDH         SYMBOL        INT_ADCI
  C:005FH         SYMBOL        INT_IE0
  C:0107H         SYMBOL        INT_IE1
  C:012EH         SYMBOL        INT_ISPI_I2CI
  C:005DH         SYMBOL        INT_PSMI
  C:012FH         SYMBOL        INT_RI_TI
  C:00DBH         SYMBOL        INT_TF0
  C:0108H         SYMBOL        INT_TF1
  C:0130H         SYMBOL        INT_TF2_EXF2
  C:0159H         SYMBOL        INT_TII
  C:005EH         SYMBOL        INT_WDS
  B:00F8H.7       SYMBOL        ISPI
  B:0088H.0       SYMBOL        IT0
  C:17E8H         SYMBOL        ITA_MEASUREMODE
  C:180AH         SYMBOL        ITS_INTERRUPTMODE
BL51 BANKED LINKER/LOCATER V5.03                                                      06/30/2015  19:11:10  PAGE 7


  C:00D4H         SYMBOL        JUSTMONITOR
  C:02C4H         SYMBOL        JUSTREFRESHWATCHDOG
  B:00A0H.4       SYMBOL        LATCHENABLE
  C:01C8H         SYMBOL        MAIN
  C:1A9AH         SYMBOL        MAKEDELAY
  C:1ABBH         SYMBOL        MAKEDELAYNOTPUSHA
  C:02BAH         SYMBOL        MAKEREFRESHWATCHDOG
  C:02A9H         SYMBOL        MAKEWATHCHDOGREFRESH
  B:00E8H.5       SYMBOL        MCO
  B:00E8H.6       SYMBOL        MDE
  B:00E8H.4       SYMBOL        MDI
  B:00E8H.7       SYMBOL        MDO
  C:1D0FH         SYMBOL        MILISECOND
  D:00A4H         SYMBOL        MIN
  C:1C00H         SYMBOL        MONITORSETUP
  C:1C1FH         SYMBOL        MONITORSINGLESHOTMEASUREMENT
  X:03A8H         SYMBOL        MONITOR_BUFF
  C:0891H         SYMBOL        MPX21_DOUBLE
  C:0897H         SYMBOL        MPX21_QUAD
  C:088EH         SYMBOL        MPX21_SINGLE
  C:0894H         SYMBOL        MPX21_TRIPLE
  C:089DH         SYMBOL        MPXMXR_DOUBLE
  C:08A3H         SYMBOL        MPXMXR_QUAD
  C:089AH         SYMBOL        MPXMXR_SINGLE
  C:08A0H         SYMBOL        MPXMXR_TRIPLE
  D:0030H         SYMBOL        MPX_CHIPS
  D:0031H         SYMBOL        MPX_ISMXR
  C:1C4CH         SYMBOL        MSSMSENDCHANNEL
  D:0021H         SYMBOL        M_CMOSIN
  B:00A0H.6       SYMBOL        M_ENABLEIN
  B:00A0H.5       SYMBOL        M_ENABLEOUT
  B:0021H.2       SYMBOL        M_ENABLEPULSE
  B:0021H.6       SYMBOL        M_M0
  B:0021H.5       SYMBOL        M_M1
  B:0021H.3       SYMBOL        M_POLARITY
  D:0080H         SYMBOL        M_PORT
  B:0021H.1       SYMBOL        M_PULSEADRESS
  B:0021H.0       SYMBOL        M_RESET
  B:0021H.7       SYMBOL        M_SHUTTER
  B:0021H.4       SYMBOL        M_SPAREFSR
  C:0C00H         SYMBOL        NCT_MXRCHIPBOARD
  C:0C05H         SYMBOL        NCT_NOTMXRCHIPBOARD
  C:0C08H         SYMBOL        NCT_SENDTYPE
  C:0313H         SYMBOL        NEXTITEM
  C:00B3H         SYMBOL        NONCOINCIDENCEMODE
  C:0228H         SYMBOL        NORMALRESET
  C:0BF4H         SYMBOL        NOTIFYCHIPBOARDTYPE
  C:094FH         SYMBOL        NOTIFYNUMBEROFCHIPS
  C:1C79H         SYMBOL        NO_TODO_CLOSESHUTTER
  C:1CA9H         SYMBOL        NO_TODO_MAKECOMMAND1
  C:1CB1H         SYMBOL        NO_TODO_MAKECOMMAND2
  C:1C81H         SYMBOL        NO_TODO_OPENSHUTTER
  C:1CA1H         SYMBOL        NO_TODO_STARTCOUNTER
  C:1C89H         SYMBOL        NO_TODO_STARTINTERVAL
  C:1C91H         SYMBOL        NO_TODO_STARTSCOPE
  C:1C99H         SYMBOL        NO_TODO_STARTTRIGGER
  D:0023H         SYMBOL        OFLAGS
BL51 BANKED LINKER/LOCATER V5.03                                                      06/30/2015  19:11:10  PAGE 8


  C:1873H         SYMBOL        ONECOUNTERBYTE
  C:1782H         SYMBOL        ONEINTERVALBYTE
  C:17B0H         SYMBOL        ONEINTERVALBYTESEND
  C:1CE7H         SYMBOL        ONEMICLOOPENTRY
  C:1CD7H         SYMBOL        ONEMICROSECND
  C:18E1H         SYMBOL        ONEPERIODBYTE
  C:1908H         SYMBOL        ONEPERIODBYTESEND
  C:0BDEH         SYMBOL        OTHERIDBYTEFOLLOWSS
  D:0080H         SYMBOL        P0
  D:00A0H         SYMBOL        P2
  D:00B0H         SYMBOL        P3
  B:00B8H.6       SYMBOL        PADC
  C:18A5H         SYMBOL        PERIODCLEAR
  C:1886H         SYMBOL        PERIODDEFAULT
  C:013FH         SYMBOL        PERIODINCREMENT
  C:0147H         SYMBOL        PERIODOVERFLOW
  C:18C1H         SYMBOL        PERIODRESTART
  C:0150H         SYMBOL        PERIODRETURN
  D:0044H         SYMBOL        PERIOD_CURR
  D:003EH         SYMBOL        PERIOD_TIME
  D:0048H         SYMBOL        PERIOD_TODO
  D:00D7H         SYMBOL        PLLCON
  B:00C0H.4       SYMBOL        PRE0
  B:00C0H.5       SYMBOL        PRE1
  B:00C0H.6       SYMBOL        PRE2
  B:00C0H.7       SYMBOL        PRE3
  C:02CDH         SYMBOL        PROCESSCOMMAND
  C:039DH         SYMBOL        PROCESSTODO
  B:00B8H.7       SYMBOL        PSI
  D:00DFH         SYMBOL        PSMCON
  D:00D0H         SYMBOL        PSW
  B:00B8H.5       SYMBOL        PT2
  D:00B2H         SYMBOL        PWM0H
  D:00B1H         SYMBOL        PWM0L
  D:00B4H         SYMBOL        PWM1H
  D:00B3H         SYMBOL        PWM1L
  D:00AEH         SYMBOL        PWMCON
  B:00B8H.0       SYMBOL        PX0
  D:00CBH         SYMBOL        RCAP2H
  D:00CAH         SYMBOL        RCAP2L
  B:00C8H.5       SYMBOL        RCLK
  C:0A23H         SYMBOL        READMATRIX
  C:0A20H         SYMBOL        READMATRIXANDTIME
  C:0A7FH         SYMBOL        READMATRIXCLEAR
  C:0A7CH         SYMBOL        READMATRIXCLEARANDTIME
  C:0ABAH         SYMBOL        READMATRIXCLEARCONTINUE
  C:0AC1H         SYMBOL        READMATRIXCLEAREND
  C:0AA0H         SYMBOL        READMATRIXCLEARLOOP
  C:0AA2H         SYMBOL        READMATRIXCLEARLOOPENTRY
  C:0A66H         SYMBOL        READMATRIXCONTINUE
  C:0A75H         SYMBOL        READMATRIXEND
  C:0A44H         SYMBOL        READMATRIXLOOP
  C:0A49H         SYMBOL        READMATRIXLOOPENTRY
  C:04B9H         SYMBOL        READOUTANDSENDMATRIX
  C:046EH         SYMBOL        READOUTORRESETMATRIX
  C:0220H         SYMBOL        RESETBYWATCHDOG
  C:0476H         SYMBOL        RESETMATRIXNOTIFYANDCONTINUE
BL51 BANKED LINKER/LOCATER V5.03                                                      06/30/2015  19:11:10  PAGE 9


  C:19DAH         SYMBOL        RETURNTRIGGERCOINCSET
  C:198FH         SYMBOL        RETURNTRIGGERDEFAULT
  B:0098H.0       SYMBOL        RI
  D:0099H         SYMBOL        SBUF
  B:00B0H.6       SYMBOL        SCL_I2C
  D:0098H         SYMBOL        SCON
  B:00D8H.4       SYMBOL        SCONV
  C:1BB9H         SYMBOL        SCOPESENDDATA
  C:1AF8H         SYMBOL        SCOPESETDEFAULTS
  C:1B06H         SYMBOL        SCOPESETUP
  C:1B95H         SYMBOL        SCOPESETUPADC
  C:1BA9H         SYMBOL        SCOPESINGLESHOTMEASUREMENT
  B:0023H.1       SYMBOL        SCOPETGRDISABLED
  X:0020H         SYMBOL        SCOPE_BUFF
  N:0388H         SYMBOL        SCOPE_BUFFLEN
  D:006DH         SYMBOL        SCOPE_CHANBUFF
  D:0075H         SYMBOL        SCOPE_CHANCNT
  D:006CH         SYMBOL        SCOPE_CHANNELS
  N:0384H         SYMBOL        SCOPE_DATALEN
  N:0002H         SYMBOL        SCOPE_DEFCHANMSK
  N:01C2H         SYMBOL        SCOPE_MAXCOUNT
  D:0069H         SYMBOL        SCOPE_SAMPLES
  D:006BH         SYMBOL        SCOPE_TIMING
  B:00B0H.4       SYMBOL        SDA_I2C
  D:00A3H         SYMBOL        SEC
  C:0306H         SYMBOL        SENDREPORT
  C:1C5EH         SYMBOL        SENDTODODESCRIPTION
  C:0D65H         SYMBOL        SETBIAS
  C:0D8FH         SYMBOL        SETDAC
  C:0D91H         SYMBOL        SETDAC0
  C:0D98H         SYMBOL        SETDAC1
  C:0BB3H         SYMBOL        SETDACDEFBYTES
  C:0BE0H         SYMBOL        SETDACDEFNEXTBYTES
  C:0920H         SYMBOL        SETMATRIXBYTEDEFCONTINUE
  C:0A10H         SYMBOL        SETMATRIXCONTINUE
  C:0903H         SYMBOL        SETMATRIXDEFBYTE
  C:0942H         SYMBOL        SETMATRIXDEFEND
  C:095DH         SYMBOL        SETMATRIXDEFERROR
  C:0A19H         SYMBOL        SETMATRIXEND
  C:09E7H         SYMBOL        SETMATRIXLOOP
  C:0917H         SYMBOL        SETMATRIXNOMPXDETECTED
  C:08DCH         SYMBOL        SETMATRIXR2
  C:08FCH         SYMBOL        SETMATRIXSTARTBYTES
  C:1B4CH         SYMBOL        SETUPSCOPECHANSWAP
  C:1B3AH         SYMBOL        SETUPSCOPECHECKCHAN
  C:1B43H         SYMBOL        SETUPSCOPENEXT
  C:1B32H         SYMBOL        SETUPSCOPESCANBITS
  C:1B47H         SYMBOL        SETUPSCOPESWAP
  C:1B53H         SYMBOL        SETUPSCOPEXRAM
  C:0DA9H         SYMBOL        SHUTOSCBURST
  C:15C7H         SYMBOL        SHUTOSCNEXTBURST
  C:15C4H         SYMBOL        SHUTOSCNEXTTICK
  C:0DB3H         SYMBOL        SHUTOSCTICK
  C:1C08H         SYMBOL        SMXRAMCHANNEL
  D:0081H         SYMBOL        SP
  B:00F8H.5       SYMBOL        SPE
  D:00B7H         SYMBOL        SPH
BL51 BANKED LINKER/LOCATER V5.03                                                      06/30/2015  19:11:10  PAGE 10


  D:00F8H         SYMBOL        SPICON
  D:00F7H         SYMBOL        SPIDAT
  B:00F8H.4       SYMBOL        SPIM
  N:0033H         SYMBOL        SPI_CONFIG_BIAS
  N:0034H         SYMBOL        SPI_CONFIG_CLOCK
  N:0034H         SYMBOL        SPI_CONFIG_MPX
  N:0034H         SYMBOL        SPI_CONFIG_MPX_1
  N:0035H         SYMBOL        SPI_CONFIG_MPX_2
  N:0036H         SYMBOL        SPI_CONFIG_MPX_3
  N:0037H         SYMBOL        SPI_CONFIG_MPX_4
  B:00F8H.0       SYMBOL        SPR0
  B:00F8H.1       SYMBOL        SPR1
  C:1B62H         SYMBOL        SSCOPYBYTE
  C:1B5DH         SYMBOL        SSCOPYSERIE
  C:1BCBH         SYMBOL        SSDCOPYBYTE
  C:1B79H         SYMBOL        SSFINISHED
  C:1B73H         SYMBOL        SSGOTONEXT
  C:088EH         SYMBOL        STREAMLENGTH_MEDIPIX21
  C:089AH         SYMBOL        STREAMLENGTH_MEDIPIXMXR
  C:07DBH         SYMBOL        STR_COINCIDENCEEVENTINVALID
  C:07C6H         SYMBOL        STR_COINCIDENCEEVENTVALID
  C:07F2H         SYMBOL        STR_COMMAND1
  C:07FEH         SYMBOL        STR_COMMAND2
  C:079CH         SYMBOL        STR_COUNTERFINISHED
  C:06D3H         SYMBOL        STR_ERROR
  C:0754H         SYMBOL        STR_ERRORFSR
  C:0761H         SYMBOL        STR_FRAMESFINISHED
  C:069DH         SYMBOL        STR_HELP
  C:0665H         SYMBOL        STR_INFO
  C:0774H         SYMBOL        STR_INTERVALFINISHED
  C:0728H         SYMBOL        STR_MEDIPINOTENABLEOUT
  C:0627H         SYMBOL        STR_MEDIPIX20CNT
  C:0617H         SYMBOL        STR_MEDIPIXCNT
  C:063BH         SYMBOL        STR_MEDIPIXMXRCNT
  C:0703H         SYMBOL        STR_MEDIPIXNOTCONNECTED
  C:0613H         SYMBOL        STR_OK
  C:05F8H         SYMBOL        STR_ONLINE
  C:0789H         SYMBOL        STR_PERIODFINISHED
  C:060CH         SYMBOL        STR_READY
  C:060BH         SYMBOL        STR_READYSPC
  C:080AH         SYMBOL        STR_SCOPE
  C:06AEH         SYMBOL        STR_SYNCSTRING
  C:064FH         SYMBOL        STR_TIMEPIXCNT
  C:0813H         SYMBOL        STR_TODO
  C:0822H         SYMBOL        STR_TODO_CLOSESHUTTER
  C:087AH         SYMBOL        STR_TODO_COMMAND1
  C:0884H         SYMBOL        STR_TODO_COMMAND2
  C:0831H         SYMBOL        STR_TODO_OPENSHUTTER
  C:086BH         SYMBOL        STR_TODO_STARTCOUNTER
  C:083FH         SYMBOL        STR_TODO_STARTINTERVAL
  C:084FH         SYMBOL        STR_TODO_STARTSCOPE
  C:085CH         SYMBOL        STR_TODO_STARTTRIGGER
  C:07B2H         SYMBOL        STR_TRIGGERFINISHED
  C:06ECH         SYMBOL        STR_UNKNOWNCOMBEG
  C:0700H         SYMBOL        STR_UNKNOWNCOMEND
  C:0695H         SYMBOL        STR_VERSION
  B:0090H.0       SYMBOL        T2
BL51 BANKED LINKER/LOCATER V5.03                                                      06/30/2015  19:11:10  PAGE 11


  D:00C8H         SYMBOL        T2CON
  B:0090H.1       SYMBOL        T2EX
  D:009EH         SYMBOL        T3CON
  D:009DH         SYMBOL        T3FD
  B:00C8H.4       SYMBOL        TCLK
  C:03BAH         SYMBOL        TDCLOSESHUTTER
  C:03CDH         SYMBOL        TDCLOSESHUTTEREND
  C:03C7H         SYMBOL        TDCLOSESHUTTERMAKE
  C:041AH         SYMBOL        TDMAKECOMMAND1
  C:041FH         SYMBOL        TDMAKECOMMAND1END
  C:041FH         SYMBOL        TDMAKECOMMAND2
  C:0424H         SYMBOL        TDMAKECOMMAND2END
  C:03CDH         SYMBOL        TDOPENSHUTTER
  C:03F6H         SYMBOL        TDOPENSHUTTEREND
  C:03DAH         SYMBOL        TDOPENSHUTTERMAKE
  C:03E2H         SYMBOL        TDOPENSHUTTERNOINT
  C:0424H         SYMBOL        TDRETURN
  C:03F6H         SYMBOL        TDSTARTINTERVAL
  C:0408H         SYMBOL        TDSTARTINTERVALEND
  C:0403H         SYMBOL        TDSTARTINTERVALMAKE
  C:039DH         SYMBOL        TDSTARTSCOPE
  C:03BAH         SYMBOL        TDSTARTSCOPEEND
  C:03ADH         SYMBOL        TDSTARTSCOPEMAKE
  C:0408H         SYMBOL        TDSTARTTRIGGER
  C:041AH         SYMBOL        TDSTARTTRIGGEREND
  C:0415H         SYMBOL        TDSTARTTRIGGERMAKE
  C:1D15H         SYMBOL        TENMICROINNER
  C:1CFAH         SYMBOL        TENMICROINNER_
  C:1D12H         SYMBOL        TENMICROSECONDS
  C:1CF7H         SYMBOL        TENMICROSECONDS_
  C:0B3BH         SYMBOL        TESTFSRCYCL_NOERR
  C:0B32H         SYMBOL        TESTFSRDONEOK
  C:0B13H         SYMBOL        TESTFSRENABLEOUT
  C:0B0CH         SYMBOL        TESTFSRFAILED
  C:0AF8H         SYMBOL        TESTFSRSENDBYTE
  C:02DDH         SYMBOL        TESTITEM
  B:00C8H.7       SYMBOL        TF2
  D:008CH         SYMBOL        TH0
  D:008DH         SYMBOL        TH1
  D:00CDH         SYMBOL        TH2
  B:0098H.1       SYMBOL        TI
  D:00A1H         SYMBOL        TIMECON
  D:008AH         SYMBOL        TL0
  D:008BH         SYMBOL        TL1
  D:00CCH         SYMBOL        TL2
  D:0089H         SYMBOL        TMOD
  B:00B0H.6       SYMBOL        TMPX_FREQ0
  B:00B0H.4       SYMBOL        TMPX_FREQ1
  B:00E0H.0       SYMBOL        TODO_CLOSESHUTTER
  D:0067H         SYMBOL        TODO_COMMAND1
  D:0068H         SYMBOL        TODO_COMMAND2
  B:00E0H.6       SYMBOL        TODO_MAKECOMMAND1
  B:00E0H.7       SYMBOL        TODO_MAKECOMMAND2
  B:00E0H.1       SYMBOL        TODO_OPENSHUTTER
  B:00E0H.5       SYMBOL        TODO_STARTCOUNTER
  B:00E0H.2       SYMBOL        TODO_STARTINTERVAL
  B:00E0H.3       SYMBOL        TODO_STARTSCOPE
BL51 BANKED LINKER/LOCATER V5.03                                                      06/30/2015  19:11:10  PAGE 12


  B:00E0H.4       SYMBOL        TODO_STARTTRIGGER
  B:0088H.4       SYMBOL        TR0
  B:0088H.6       SYMBOL        TR1
  B:00C8H.2       SYMBOL        TR2
  C:0B5DH         SYMBOL        TRANSMITSINGLEID
  C:1990H         SYMBOL        TRIGGERCLEAR
  C:196BH         SYMBOL        TRIGGERDEFAULT
  C:00C2H         SYMBOL        TRIGGEREVENT
  B:00B0H.0       SYMBOL        TRIGGERIN
  C:00BAH         SYMBOL        TRIGGERINCREMENT
  B:00B0H.1       SYMBOL        TRIGGEROUT
  C:19ACH         SYMBOL        TRIGGERRESTART
  C:00CCH         SYMBOL        TRIGGERVERYRETURN
  D:0059H         SYMBOL        TRIGGER_COINC
  D:005AH         SYMBOL        TRIGGER_COINCDELAY
  D:0054H         SYMBOL        TRIGGER_COUNT
  D:0058H         SYMBOL        TRIGGER_TODO
  C:0317H         SYMBOL        UNKNOWNCOM
  N:0001H         SYMBOL        VERSION_MAJOR
  N:0002H         SYMBOL        VERSION_MINOR
  N:0000H         SYMBOL        VERSION_SUBMINOR
  C:1D07H         SYMBOL        WAIT
  C:1CEFH         SYMBOL        WAIT10MICROSECONDS
  C:026CH         SYMBOL        WAITFORCOMMAND
  C:0289H         SYMBOL        WAITFORCOMMANDOPTIM
  C:028CH         SYMBOL        WAITFORCOMMANDOPTIMLOOP
  C:046AH         SYMBOL        WAITFORSCOPE
  C:1D37H         SYMBOL        WAITHALF
  C:0A50H         SYMBOL        WAITINGFORPES
  C:0AA9H         SYMBOL        WAITINGFORPESCLEAR
  C:1CC2H         SYMBOL        WAITMICROSECOND
  C:1CCFH         SYMBOL        WAITMICROSECONDS
  C:1CEAH         SYMBOL        WAITMICROSEND
  C:1D2EH         SYMBOL        WAITQUARTER
  C:1D3BH         SYMBOL        WAITSECOND
  C:1D25H         SYMBOL        WAITTENTH
  C:025FH         SYMBOL        WATCHDOGCONFIG
  C:06DBH         SYMBOL        WATCHDOG_ALERT
  B:00F8H.6       SYMBOL        WCOL
  D:00C0H         SYMBOL        WDCON
  B:00C0H.1       SYMBOL        WDE
  B:00C0H.3       SYMBOL        WDIR
  B:00C0H.2       SYMBOL        WDS
  B:00C0H.0       SYMBOL        WDWR
  C:0291H         SYMBOL        WFCO_SHUTTERCLOSED1
  C:0000H         LINE#         673
  C:0003H         LINE#         679
  C:000BH         LINE#         681
  C:0013H         LINE#         683
  C:001BH         LINE#         685
  C:0023H         LINE#         687
  C:002BH         LINE#         689
  C:0033H         LINE#         691
  C:003BH         LINE#         693
  C:0043H         LINE#         695
  C:0053H         LINE#         697
  C:005BH         LINE#         699
BL51 BANKED LINKER/LOCATER V5.03                                                      06/30/2015  19:11:10  PAGE 13


  C:005DH         LINE#         706
  C:005EH         LINE#         709
  C:005FH         LINE#         716
  C:0062H         LINE#         718
  C:0064H         LINE#         719
  C:0066H         LINE#         721
  C:0068H         LINE#         723
  C:006AH         LINE#         724
  C:006CH         LINE#         726
  C:006EH         LINE#         730
  C:0071H         LINE#         731
  C:0073H         LINE#         732
  C:0076H         LINE#         735
  C:0078H         LINE#         736
  C:007BH         LINE#         737
  C:007EH         LINE#         740
  C:0080H         LINE#         741
  C:0081H         LINE#         742
  C:0083H         LINE#         749
  C:0086H         LINE#         750
  C:0089H         LINE#         751
  C:008BH         LINE#         753
  C:008EH         LINE#         754
  C:0091H         LINE#         755
  C:0093H         LINE#         759
  C:0095H         LINE#         760
  C:0098H         LINE#         761
  C:009BH         LINE#         762
  C:009DH         LINE#         766
  C:009FH         LINE#         767
  C:00A2H         LINE#         768
  C:00A5H         LINE#         769
  C:00A7H         LINE#         770
  C:00A8H         LINE#         771
  C:00AAH         LINE#         775
  C:00ADH         LINE#         776
  C:00AFH         LINE#         777
  C:00B1H         LINE#         780
  C:00B3H         LINE#         785
  C:00B5H         LINE#         787
  C:00B7H         LINE#         788
  C:00BAH         LINE#         790
  C:00BBH         LINE#         791
  C:00BCH         LINE#         792
  C:00BEH         LINE#         793
  C:00BFH         LINE#         794
  C:00C2H         LINE#         797
  C:00C4H         LINE#         799
  C:00C6H         LINE#         800
  C:00C8H         LINE#         801
  C:00CAH         LINE#         802
  C:00CCH         LINE#         805
  C:00CDH         LINE#         810
  C:00CFH         LINE#         811
  C:00D2H         LINE#         812
  C:00D4H         LINE#         814
  C:00D7H         LINE#         815
BL51 BANKED LINKER/LOCATER V5.03                                                      06/30/2015  19:11:10  PAGE 14


  C:00DAH         LINE#         816
  C:00DBH         LINE#         822
  C:00DDH         LINE#         823
  C:00DFH         LINE#         824
  C:00E1H         LINE#         825
  C:00E3H         LINE#         827
  C:00E5H         LINE#         828
  C:00E8H         LINE#         830
  C:00E9H         LINE#         831
  C:00EAH         LINE#         832
  C:00ECH         LINE#         833
  C:00EDH         LINE#         834
  C:00F0H         LINE#         837
  C:00F2H         LINE#         838
  C:00F4H         LINE#         840
  C:00F6H         LINE#         842
  C:00F8H         LINE#         842
  C:00FAH         LINE#         843
  C:00FCH         LINE#         844
  C:00FEH         LINE#         847
  C:0100H         LINE#         848
  C:0102H         LINE#         849
  C:0104H         LINE#         850
  C:0106H         LINE#         851
  C:0107H         LINE#         856
  C:0108H         LINE#         862
  C:010AH         LINE#         863
  C:010CH         LINE#         864
  C:010EH         LINE#         865
  C:0110H         LINE#         867
  C:0112H         LINE#         868
  C:0115H         LINE#         870
  C:0116H         LINE#         871
  C:0117H         LINE#         872
  C:0119H         LINE#         873
  C:011AH         LINE#         874
  C:011DH         LINE#         877
  C:011FH         LINE#         878
  C:0121H         LINE#         880
  C:0123H         LINE#         881
  C:0125H         LINE#         884
  C:0127H         LINE#         885
  C:0129H         LINE#         886
  C:012BH         LINE#         887
  C:012DH         LINE#         888
  C:012EH         LINE#         892
  C:012FH         LINE#         895
  C:0130H         LINE#         902
  C:0132H         LINE#         904
  C:0134H         LINE#         905
  C:0136H         LINE#         906
  C:0138H         LINE#         907
  C:013AH         LINE#         909
  C:013CH         LINE#         910
  C:013FH         LINE#         912
  C:0140H         LINE#         913
  C:0141H         LINE#         914
BL51 BANKED LINKER/LOCATER V5.03                                                      06/30/2015  19:11:10  PAGE 15


  C:0143H         LINE#         915
  C:0144H         LINE#         916
  C:0147H         LINE#         919
  C:014AH         LINE#         921
  C:014CH         LINE#         923
  C:014EH         LINE#         924
  C:0150H         LINE#         927
  C:0152H         LINE#         928
  C:0154H         LINE#         929
  C:0156H         LINE#         930
  C:0158H         LINE#         931
  C:0159H         LINE#         936
  C:015AH         LINE#         945
  C:015CH         LINE#         946
  C:015EH         LINE#         947
  C:0161H         LINE#         949
  C:0163H         LINE#         949
  C:0165H         LINE#         949
  C:0167H         LINE#         949
  C:016AH         LINE#         949
  C:016CH         LINE#         949
  C:016EH         LINE#         950
  C:0170H         LINE#         951
  C:0171H         LINE#         954
  C:0173H         LINE#         954
  C:0176H         LINE#         954
  C:0178H         LINE#         954
  C:017AH         LINE#         954
  C:017CH         LINE#         954
  C:017EH         LINE#         954
  C:0180H         LINE#         954
  C:0183H         LINE#         954
  C:0185H         LINE#         954
  C:0187H         LINE#         954
  C:018AH         LINE#         955
  C:018CH         LINE#         956
  C:018DH         LINE#         960
  C:018FH         LINE#         961
  C:0191H         LINE#         962
  C:0194H         LINE#         964
  C:0196H         LINE#         964
  C:0198H         LINE#         965
  C:019AH         LINE#         965
  C:019CH         LINE#         965
  C:019EH         LINE#         965
  C:01A1H         LINE#         965
  C:01A3H         LINE#         965
  C:01A5H         LINE#         966
  C:01A7H         LINE#         967
  C:01A8H         LINE#         970
  C:01AAH         LINE#         970
  C:01ACH         LINE#         971
  C:01AEH         LINE#         971
  C:01B1H         LINE#         971
  C:01B3H         LINE#         971
  C:01B5H         LINE#         971
  C:01B7H         LINE#         971
BL51 BANKED LINKER/LOCATER V5.03                                                      06/30/2015  19:11:10  PAGE 16


  C:01B9H         LINE#         971
  C:01BBH         LINE#         971
  C:01BEH         LINE#         971
  C:01C0H         LINE#         971
  C:01C2H         LINE#         971
  C:01C5H         LINE#         972
  C:01C7H         LINE#         973
  C:01C8H         LINE#         987
  C:01CAH         LINE#         988
  C:01CDH         LINE#         989
  C:01D0H         LINE#         990
  C:01D3H         LINE#         993
  C:01D6H         LINE#         996
  C:01D8H         LINE#         1001
  C:01DBH         LINE#         1002
  C:01DEH         LINE#         1003
  C:01E1H         LINE#         1004
  C:01E4H         LINE#         1012
  C:01E6H         LINE#         1013
  C:01E8H         LINE#         1014
  C:01EAH         LINE#         1025
  C:01EDH         LINE#         1026
  C:01F0H         LINE#         1027
  C:01F3H         LINE#         1028
  C:01F6H         LINE#         1031
  C:01F8H         LINE#         1032
  C:01FAH         LINE#         1033
  C:01FCH         LINE#         1034
  C:01FFH         LINE#         1037
  C:0202H         LINE#         1040
  C:0205H         LINE#         1041
  C:0208H         LINE#         1042
  C:020BH         LINE#         1043
  C:020EH         LINE#         1044
  C:0211H         LINE#         1045
  C:0214H         LINE#         1046
  C:0217H         LINE#         1047
  C:021AH         LINE#         1052
  C:021DH         LINE#         1054
  C:0220H         LINE#         1057
  C:0223H         LINE#         1058
  C:0226H         LINE#         1059
  C:0228H         LINE#         1062
  C:022BH         LINE#         1063
  C:022EH         LINE#         1069
  C:0230H         LINE#         1070
  C:0232H         LINE#         1072
  C:0235H         LINE#         1073
  C:0238H         LINE#         1074
  C:023BH         LINE#         1075
  C:023EH         LINE#         1077
  C:0241H         LINE#         1081
  C:0244H         LINE#         1082
  C:0247H         LINE#         1083
  C:024AH         LINE#         1084
  C:024DH         LINE#         1086
  C:0250H         LINE#         1087
BL51 BANKED LINKER/LOCATER V5.03                                                      06/30/2015  19:11:10  PAGE 17


  C:0253H         LINE#         1088
  C:0256H         LINE#         1089
  C:0259H         LINE#         1091
  C:025CH         LINE#         1092
  C:025FH         LINE#         1102
  C:0261H         LINE#         1102
  C:0264H         LINE#         1103
  C:0267H         LINE#         1106
  C:0269H         LINE#         1107
  C:026CH         LINE#         1120
  C:026FH         LINE#         1121
  C:0271H         LINE#         1121
  C:0273H         LINE#         1121
  C:0275H         LINE#         1121
  C:0277H         LINE#         1125
  C:0279H         LINE#         1126
  C:027BH         LINE#         1129
  C:027EH         LINE#         1130
  C:0280H         LINE#         1131
  C:0282H         LINE#         1134
  C:0284H         LINE#         1135
  C:0287H         LINE#         1136
  C:0289H         LINE#         1144
  C:028CH         LINE#         1148
  C:028FH         LINE#         1149
  C:0291H         LINE#         1153
  C:0293H         LINE#         1154
  C:0295H         LINE#         1155
  C:0297H         LINE#         1156
  C:029AH         LINE#         1160
  C:029DH         LINE#         1161
  C:02A0H         LINE#         1162
  C:02A2H         LINE#         1163
  C:02A4H         LINE#         1164
  C:02A6H         LINE#         1165
  C:02A9H         LINE#         1169
  C:02ACH         LINE#         1170
  C:02AEH         LINE#         1172
  C:02B0H         LINE#         1172
  C:02B2H         LINE#         1172
  C:02B4H         LINE#         1172
  C:02B6H         LINE#         1175
  C:02B8H         LINE#         1176
  C:02BAH         LINE#         1179
  C:02BCH         LINE#         1179
  C:02BEH         LINE#         1179
  C:02C0H         LINE#         1179
  C:02C2H         LINE#         1180
  C:02C4H         LINE#         1183
  C:02C6H         LINE#         1183
  C:02C8H         LINE#         1183
  C:02CAH         LINE#         1183
  C:02CCH         LINE#         1184
  C:02CDH         LINE#         1194
  C:02CFH         LINE#         1194
  C:02D1H         LINE#         1194
  C:02D3H         LINE#         1194
BL51 BANKED LINKER/LOCATER V5.03                                                      06/30/2015  19:11:10  PAGE 18


  C:02D5H         LINE#         1196
  C:02D7H         LINE#         1197
  C:02DAH         LINE#         1198
  C:02DDH         LINE#         1202
  C:02DEH         LINE#         1203
  C:02DFH         LINE#         1204
  C:02E0H         LINE#         1205
  C:02E2H         LINE#         1206
  C:02E5H         LINE#         1209
  C:02E6H         LINE#         1210
  C:02E7H         LINE#         1211
  C:02E8H         LINE#         1212
  C:02E9H         LINE#         1213
  C:02EAH         LINE#         1214
  C:02EBH         LINE#         1215
  C:02ECH         LINE#         1218
  C:02EEH         LINE#         1219
  C:02F1H         LINE#         1222
  C:02F4H         LINE#         1223
  C:02F6H         LINE#         1224
  C:02F8H         LINE#         1225
  C:02FAH         LINE#         1226
  C:02FCH         LINE#         1227
  C:02FDH         LINE#         1228
  C:02FEH         LINE#         1235
  C:0301H         LINE#         1236
  C:0303H         LINE#         1237
  C:0306H         LINE#         1239
  C:0309H         LINE#         1240
  C:030BH         LINE#         1243
  C:030DH         LINE#         1244
  C:030FH         LINE#         1245
  C:0311H         LINE#         1246
  C:0313H         LINE#         1249
  C:0314H         LINE#         1250
  C:0315H         LINE#         1251
  C:0317H         LINE#         1254
  C:031AH         LINE#         1255
  C:031DH         LINE#         1256
  C:031FH         LINE#         1257
  C:0322H         LINE#         1258
  C:0325H         LINE#         1259
  C:0328H         LINE#         1263
  C:032AH         LINE#         1263
  C:032CH         LINE#         1263
  C:032EH         LINE#         1263
  C:0330H         LINE#         1264
  C:0331H         LINE#         1271
  C:0333H         LINE#         1272
  C:0335H         LINE#         1273
  C:0336H         LINE#         1276
  C:0338H         LINE#         1276
  C:033AH         LINE#         1276
  C:033CH         LINE#         1276
  C:033EH         LINE#         1279
  C:0340H         LINE#         1280
  C:0343H         LINE#         1293
BL51 BANKED LINKER/LOCATER V5.03                                                      06/30/2015  19:11:10  PAGE 19


  C:0346H         LINE#         1294
  C:0348H         LINE#         1295
  C:034AH         LINE#         1298
  C:034DH         LINE#         1299
  C:034FH         LINE#         1300
  C:0351H         LINE#         1303
  C:0354H         LINE#         1304
  C:0356H         LINE#         1305
  C:0358H         LINE#         1308
  C:035BH         LINE#         1309
  C:035DH         LINE#         1310
  C:035FH         LINE#         1313
  C:0362H         LINE#         1314
  C:0364H         LINE#         1315
  C:0366H         LINE#         1318
  C:0369H         LINE#         1319
  C:036BH         LINE#         1320
  C:036DH         LINE#         1323
  C:0370H         LINE#         1324
  C:0372H         LINE#         1325
  C:0375H         LINE#         1326
  C:0378H         LINE#         1327
  C:037AH         LINE#         1328
  C:037CH         LINE#         1329
  C:037EH         LINE#         1332
  C:0381H         LINE#         1333
  C:0383H         LINE#         1334
  C:0386H         LINE#         1335
  C:0389H         LINE#         1336
  C:038BH         LINE#         1337
  C:038DH         LINE#         1338
  C:038FH         LINE#         1341
  C:0391H         LINE#         1342
  C:0394H         LINE#         1346
  C:0396H         LINE#         1346
  C:0398H         LINE#         1346
  C:039AH         LINE#         1346
  C:039CH         LINE#         1347
  C:039DH         LINE#         1360
  C:03A0H         LINE#         1362
  C:03A3H         LINE#         1365
  C:03A5H         LINE#         1366
  C:03A7H         LINE#         1367
  C:03AAH         LINE#         1368
  C:03ADH         LINE#         1370
  C:03B0H         LINE#         1370
  C:03B2H         LINE#         1370
  C:03B4H         LINE#         1370
  C:03B6H         LINE#         1370
  C:03B8H         LINE#         1371
  C:03BAH         LINE#         1376
  C:03BDH         LINE#         1377
  C:03BFH         LINE#         1378
  C:03C1H         LINE#         1379
  C:03C4H         LINE#         1380
  C:03C7H         LINE#         1382
  C:03C9H         LINE#         1383
BL51 BANKED LINKER/LOCATER V5.03                                                      06/30/2015  19:11:10  PAGE 20


  C:03CBH         LINE#         1384
  C:03CDH         LINE#         1389
  C:03D0H         LINE#         1390
  C:03D2H         LINE#         1391
  C:03D4H         LINE#         1392
  C:03D7H         LINE#         1393
  C:03DAH         LINE#         1395
  C:03DCH         LINE#         1396
  C:03DFH         LINE#         1397
  C:03E2H         LINE#         1399
  C:03E4H         LINE#         1399
  C:03E6H         LINE#         1399
  C:03E9H         LINE#         1399
  C:03EBH         LINE#         1399
  C:03EDH         LINE#         1399
  C:03EFH         LINE#         1399
  C:03F2H         LINE#         1399
  C:03F4H         LINE#         1399
  C:03F6H         LINE#         1404
  C:03F9H         LINE#         1405
  C:03FBH         LINE#         1406
  C:03FDH         LINE#         1407
  C:0400H         LINE#         1408
  C:0403H         LINE#         1410
  C:0405H         LINE#         1411
  C:0408H         LINE#         1416
  C:040BH         LINE#         1417
  C:040DH         LINE#         1418
  C:040FH         LINE#         1419
  C:0412H         LINE#         1420
  C:0415H         LINE#         1422
  C:0417H         LINE#         1423
  C:041AH         LINE#         1440
  C:041DH         LINE#         1441
  C:041FH         LINE#         1446
  C:0422H         LINE#         1447
  C:0424H         LINE#         1451
  C:0425H         LINE#         1459
  C:0428H         LINE#         1460
  C:042BH         LINE#         1461
  C:042CH         LINE#         1466
  C:042FH         LINE#         1467
  C:0432H         LINE#         1468
  C:0433H         LINE#         1474
  C:0436H         LINE#         1475
  C:0439H         LINE#         1476
  C:043BH         LINE#         1477
  C:043EH         LINE#         1478
  C:043FH         LINE#         1481
  C:0442H         LINE#         1483
  C:0445H         LINE#         1484
  C:0448H         LINE#         1485
  C:0449H         LINE#         1487
  C:044CH         LINE#         1488
  C:044FH         LINE#         1489
  C:0450H         LINE#         1495
  C:0453H         LINE#         1496
BL51 BANKED LINKER/LOCATER V5.03                                                      06/30/2015  19:11:10  PAGE 21


  C:0456H         LINE#         1497
  C:0457H         LINE#         1505
  C:0459H         LINE#         1506
  C:045CH         LINE#         1507
  C:045FH         LINE#         1508
  C:0462H         LINE#         1509
  C:0465H         LINE#         1510
  C:0467H         LINE#         1511
  C:0468H         LINE#         1518
  C:046AH         LINE#         1522
  C:046CH         LINE#         1523
  C:046EH         LINE#         1527
  C:0470H         LINE#         1528
  C:0473H         LINE#         1529
  C:0476H         LINE#         1534
  C:0478H         LINE#         1535
  C:047BH         LINE#         1536
  C:047EH         LINE#         1537
  C:0481H         LINE#         1538
  C:0484H         LINE#         1539
  C:0486H         LINE#         1540
  C:0489H         LINE#         1541
  C:048CH         LINE#         1542
  C:048EH         LINE#         1543
  C:0491H         LINE#         1544
  C:0494H         LINE#         1545
  C:0497H         LINE#         1546
  C:0499H         LINE#         1549
  C:049CH         LINE#         1549
  C:049EH         LINE#         1549
  C:04A0H         LINE#         1549
  C:04A3H         LINE#         1549
  C:04A5H         LINE#         1549
  C:04A7H         LINE#         1549
  C:04A9H         LINE#         1549
  C:04ACH         LINE#         1549
  C:04AEH         LINE#         1549
  C:04B0H         LINE#         1550
  C:04B2H         LINE#         1550
  C:04B4H         LINE#         1550
  C:04B5H         LINE#         1550
  C:04B6H         LINE#         1550
  C:04B8H         LINE#         1551
  C:04B9H         LINE#         1557
  C:04BBH         LINE#         1558
  C:04BEH         LINE#         1559
  C:04C1H         LINE#         1560
  C:04C4H         LINE#         1561
  C:04C7H         LINE#         1562
  C:04C9H         LINE#         1566
  C:04CBH         LINE#         1567
  C:04CEH         LINE#         1569
  C:04CFH         LINE#         1570
  C:04D0H         LINE#         1571
  C:04D2H         LINE#         1572
  C:04D3H         LINE#         1573
  C:04D6H         LINE#         1576
BL51 BANKED LINKER/LOCATER V5.03                                                      06/30/2015  19:11:10  PAGE 22


  C:04D8H         LINE#         1576
  C:04DAH         LINE#         1577
  C:04DCH         LINE#         1577
  C:04DEH         LINE#         1578
  C:04E0H         LINE#         1578
  C:04E2H         LINE#         1579
  C:04E4H         LINE#         1580
  C:04E7H         LINE#         1581
  C:04EAH         LINE#         1582
  C:04EDH         LINE#         1586
  C:04EFH         LINE#         1588
  C:04F1H         LINE#         1589
  C:04F2H         LINE#         1594
  C:04F4H         LINE#         1595
  C:04F7H         LINE#         1596
  C:04FAH         LINE#         1597
  C:04FDH         LINE#         1598
  C:0500H         LINE#         1600
  C:0502H         LINE#         1601
  C:0503H         LINE#         1602
  C:0505H         LINE#         1603
  C:0508H         LINE#         1604
  C:0509H         LINE#         1605
  C:050BH         LINE#         1606
  C:050CH         LINE#         1608
  C:050EH         LINE#         1609
  C:0510H         LINE#         1610
  C:0512H         LINE#         1612
  C:08A6H         LINE#         1962
  C:08A9H         LINE#         1963
  C:08ACH         LINE#         1964
  C:08AFH         LINE#         1970
  C:08B1H         LINE#         1971
  C:08B4H         LINE#         1971
  C:08B6H         LINE#         1971
  C:08B8H         LINE#         1972
  C:08BAH         LINE#         1973
  C:08BDH         LINE#         1973
  C:08BFH         LINE#         1973
  C:08C1H         LINE#         1974
  C:08C3H         LINE#         1975
  C:08C4H         LINE#         1981
  C:08C6H         LINE#         1982
  C:08C9H         LINE#         1982
  C:08CBH         LINE#         1982
  C:08CDH         LINE#         1983
  C:08D0H         LINE#         1984
  C:08D3H         LINE#         1984
  C:08D5H         LINE#         1984
  C:08D7H         LINE#         1985
  C:08D9H         LINE#         1986
  C:08DAH         LINE#         1991
  C:08DCH         LINE#         1996
  C:08DFH         LINE#         1997
  C:08E1H         LINE#         1999
  C:08E3H         LINE#         2000
  C:08E5H         LINE#         2001
BL51 BANKED LINKER/LOCATER V5.03                                                      06/30/2015  19:11:10  PAGE 23


  C:08E7H         LINE#         2002
  C:08EAH         LINE#         2002
  C:08ECH         LINE#         2002
  C:08EEH         LINE#         2003
  C:08F0H         LINE#         2005
  C:08F3H         LINE#         2006
  C:08F6H         LINE#         2007
  C:08F9H         LINE#         2008
  C:08FAH         LINE#         2009
  C:08FCH         LINE#         2012
  C:08FFH         LINE#         2013
  C:0902H         LINE#         2015
  C:0903H         LINE#         2018
  C:0905H         LINE#         2021
  C:0906H         LINE#         2023
  C:0908H         LINE#         2024
  C:090AH         LINE#         2027
  C:090CH         LINE#         2027
  C:090EH         LINE#         2027
  C:0910H         LINE#         2027
  C:0912H         LINE#         2029
  C:0914H         LINE#         2030
  C:0917H         LINE#         2034
  C:091AH         LINE#         2035
  C:091DH         LINE#         2036
  C:091EH         LINE#         2037
  C:0920H         LINE#         2040
  C:0921H         LINE#         2041
  C:0924H         LINE#         2042
  C:0926H         LINE#         2046
  C:0929H         LINE#         2050
  C:092BH         LINE#         2051
  C:092CH         LINE#         2052
  C:092DH         LINE#         2053
  C:092FH         LINE#         2054
  C:0931H         LINE#         2057
  C:0933H         LINE#         2058
  C:0935H         LINE#         2059
  C:0937H         LINE#         2061
  C:0939H         LINE#         2062
  C:093BH         LINE#         2063
  C:093CH         LINE#         2064
  C:093DH         LINE#         2066
  C:093FH         LINE#         2067
  C:0941H         LINE#         2083
  C:0942H         LINE#         2086
  C:0944H         LINE#         2087
  C:0947H         LINE#         2088
  C:0948H         LINE#         2091
  C:094AH         LINE#         2092
  C:094CH         LINE#         2093
  C:094DH         LINE#         2099
  C:094FH         LINE#         2103
  C:0952H         LINE#         2104
  C:0955H         LINE#         2105
  C:0957H         LINE#         2106
  C:0959H         LINE#         2107
BL51 BANKED LINKER/LOCATER V5.03                                                      06/30/2015  19:11:10  PAGE 24


  C:095CH         LINE#         2108
  C:095DH         LINE#         2111
  C:0960H         LINE#         2112
  C:0961H         LINE#         2117
  C:0963H         LINE#         2118
  C:0966H         LINE#         2119
  C:0967H         LINE#         2125
  C:0969H         LINE#         2126
  C:096BH         LINE#         2128
  C:096EH         LINE#         2130
  C:0970H         LINE#         2131
  C:0972H         LINE#         2132
  C:0974H         LINE#         2133
  C:0976H         LINE#         2134
  C:0979H         LINE#         2134
  C:097BH         LINE#         2134
  C:097DH         LINE#         2135
  C:097FH         LINE#         2137
  C:0982H         LINE#         2138
  C:0985H         LINE#         2140
  C:0987H         LINE#         2143
  C:0989H         LINE#         2146
  C:098AH         LINE#         2147
  C:098CH         LINE#         2148
  C:098FH         LINE#         2151
  C:0992H         LINE#         2152
  C:0995H         LINE#         2153
  C:0996H         LINE#         2154
  C:0998H         LINE#         2157
  C:099BH         LINE#         2158
  C:099DH         LINE#         2160
  C:09A0H         LINE#         2165
  C:09A1H         LINE#         2168
  C:09A3H         LINE#         2169
  C:09A6H         LINE#         2170
  C:09A7H         LINE#         2174
  C:09AAH         LINE#         2175
  C:09ACH         LINE#         2177
  C:09AEH         LINE#         2178
  C:09B0H         LINE#         2179
  C:09B2H         LINE#         2180
  C:09B5H         LINE#         2180
  C:09B7H         LINE#         2180
  C:09B9H         LINE#         2181
  C:09BBH         LINE#         2183
  C:09BDH         LINE#         2185
  C:09BFH         LINE#         2186
  C:09C2H         LINE#         2187
  C:09C4H         LINE#         2189
  C:09C7H         LINE#         2191
  C:09C9H         LINE#         2192
  C:09CAH         LINE#         2199
  C:09CDH         LINE#         2200
  C:09D0H         LINE#         2203
  C:09D3H         LINE#         2204
  C:09D5H         LINE#         2207
  C:09D7H         LINE#         2208
BL51 BANKED LINKER/LOCATER V5.03                                                      06/30/2015  19:11:10  PAGE 25


  C:09D9H         LINE#         2209
  C:09DBH         LINE#         2210
  C:09DEH         LINE#         2210
  C:09E0H         LINE#         2210
  C:09E2H         LINE#         2211
  C:09E4H         LINE#         2213
  C:09E7H         LINE#         2223
  C:09E9H         LINE#         2223
  C:09EBH         LINE#         2223
  C:09EDH         LINE#         2223
  C:09EFH         LINE#         2225
  C:09F2H         LINE#         2226
  C:09F4H         LINE#         2228
  C:09F7H         LINE#         2234
  C:09F8H         LINE#         2235
  C:09FAH         LINE#         2236
  C:09FDH         LINE#         2239
  C:09FFH         LINE#         2239
  C:0A01H         LINE#         2239
  C:0A03H         LINE#         2239
  C:0A05H         LINE#         2241
  C:0A07H         LINE#         2242
  C:0A0AH         LINE#         2245
  C:0A0DH         LINE#         2246
  C:0A0EH         LINE#         2247
  C:0A10H         LINE#         2254
  C:0A13H         LINE#         2259
  C:0A15H         LINE#         2261
  C:0A18H         LINE#         2263
  C:0A19H         LINE#         2268
  C:0A1BH         LINE#         2269
  C:0A1EH         LINE#         2270
  C:0A1FH         LINE#         2275
  C:0A20H         LINE#         2278
  C:0A23H         LINE#         2286
  C:0A26H         LINE#         2287
  C:0A29H         LINE#         2288
  C:0A2CH         LINE#         2291
  C:0A2FH         LINE#         2294
  C:0A31H         LINE#         2295
  C:0A33H         LINE#         2296
  C:0A35H         LINE#         2297
  C:0A38H         LINE#         2297
  C:0A3AH         LINE#         2297
  C:0A3CH         LINE#         2299
  C:0A3EH         LINE#         2301
  C:0A40H         LINE#         2302
  C:0A42H         LINE#         2303
  C:0A44H         LINE#         2306
  C:0A46H         LINE#         2314
  C:0A49H         LINE#         2318
  C:0A4AH         LINE#         2319
  C:0A4CH         LINE#         2320
  C:0A4EH         LINE#         2321
  C:0A50H         LINE#         2326
  C:0A52H         LINE#         2326
  C:0A54H         LINE#         2326
BL51 BANKED LINKER/LOCATER V5.03                                                      06/30/2015  19:11:10  PAGE 26


  C:0A56H         LINE#         2326
  C:0A58H         LINE#         2328
  C:0A5BH         LINE#         2333
  C:0A5DH         LINE#         2335
  C:0A5FH         LINE#         2336
  C:0A62H         LINE#         2339
  C:0A65H         LINE#         2340
  C:0A66H         LINE#         2343
  C:0A69H         LINE#         2348
  C:0A6BH         LINE#         2349
  C:0A6EH         LINE#         2352
  C:0A71H         LINE#         2360
  C:0A74H         LINE#         2362
  C:0A75H         LINE#         2365
  C:0A77H         LINE#         2366
  C:0A7AH         LINE#         2367
  C:0A7BH         LINE#         2371
  C:0A7CH         LINE#         2374
  C:0A7FH         LINE#         2382
  C:0A82H         LINE#         2383
  C:0A85H         LINE#         2384
  C:0A88H         LINE#         2387
  C:0A8BH         LINE#         2390
  C:0A8DH         LINE#         2391
  C:0A8FH         LINE#         2392
  C:0A91H         LINE#         2393
  C:0A94H         LINE#         2393
  C:0A96H         LINE#         2393
  C:0A98H         LINE#         2395
  C:0A9AH         LINE#         2397
  C:0A9CH         LINE#         2398
  C:0A9EH         LINE#         2399
  C:0AA0H         LINE#         2402
  C:0AA2H         LINE#         2415
  C:0AA3H         LINE#         2416
  C:0AA5H         LINE#         2417
  C:0AA7H         LINE#         2418
  C:0AA9H         LINE#         2423
  C:0AABH         LINE#         2423
  C:0AADH         LINE#         2423
  C:0AAFH         LINE#         2423
  C:0AB1H         LINE#         2432
  C:0AB3H         LINE#         2433
  C:0AB6H         LINE#         2436
  C:0AB9H         LINE#         2437
  C:0ABAH         LINE#         2440
  C:0ABDH         LINE#         2449
  C:0AC0H         LINE#         2460
  C:0AC1H         LINE#         2463
  C:0AC3H         LINE#         2464
  C:0AC6H         LINE#         2465
  C:0AC7H         LINE#         2473
  C:0AC9H         LINE#         2474
  C:0ACCH         LINE#         2474
  C:0ACEH         LINE#         2474
  C:0AD0H         LINE#         2475
  C:0AD2H         LINE#         2476
BL51 BANKED LINKER/LOCATER V5.03                                                      06/30/2015  19:11:10  PAGE 27


  C:0AD5H         LINE#         2476
  C:0AD7H         LINE#         2476
  C:0AD9H         LINE#         2479
  C:0ADCH         LINE#         2480
  C:0ADEH         LINE#         2483
  C:0AE0H         LINE#         2484
  C:0AE2H         LINE#         2485
  C:0AE4H         LINE#         2486
  C:0AE7H         LINE#         2486
  C:0AE9H         LINE#         2486
  C:0AEBH         LINE#         2487
  C:0AEDH         LINE#         2490
  C:0AF0H         LINE#         2491
  C:0AF3H         LINE#         2495
  C:0AF6H         LINE#         2496
  C:0AF8H         LINE#         2498
  C:0AFBH         LINE#         2499
  C:0AFEH         LINE#         2500
  C:0B00H         LINE#         2503
  C:0B02H         LINE#         2504
  C:0B05H         LINE#         2505
  C:0B06H         LINE#         2507
  C:0B09H         LINE#         2509
  C:0B0CH         LINE#         2512
  C:0B0EH         LINE#         2513
  C:0B11H         LINE#         2514
  C:0B12H         LINE#         2515
  C:0B13H         LINE#         2518
  C:0B15H         LINE#         2519
  C:0B16H         LINE#         2520
  C:0B19H         LINE#         2521
  C:0B1AH         LINE#         2522
  C:0B1CH         LINE#         2524
  C:0B1FH         LINE#         2525
  C:0B22H         LINE#         2526
  C:0B24H         LINE#         2527
  C:0B26H         LINE#         2528
  C:0B29H         LINE#         2529
  C:0B2BH         LINE#         2530
  C:0B2EH         LINE#         2532
  C:0B30H         LINE#         2533
  C:0B32H         LINE#         2536
  C:0B33H         LINE#         2537
  C:0B34H         LINE#         2546
  C:0B36H         LINE#         2547
  C:0B38H         LINE#         2549
  C:0B3BH         LINE#         2553
  C:0B3DH         LINE#         2553
  C:0B3FH         LINE#         2553
  C:0B41H         LINE#         2553
  C:0B43H         LINE#         2555
  C:0B46H         LINE#         2557
  C:0B48H         LINE#         2557
  C:0B4AH         LINE#         2557
  C:0B4CH         LINE#         2557
  C:0B4EH         LINE#         2560
  C:0B51H         LINE#         2561
BL51 BANKED LINKER/LOCATER V5.03                                                      06/30/2015  19:11:10  PAGE 28


  C:0B53H         LINE#         2562
  C:0B55H         LINE#         2564
  C:0B56H         LINE#         2565
  C:0B57H         LINE#         2572
  C:0B5AH         LINE#         2573
  C:0B5DH         LINE#         2576
  C:0B5EH         LINE#         2577
  C:0B61H         LINE#         2578
  C:0B62H         LINE#         2579
  C:0B63H         LINE#         2580
  C:0B66H         LINE#         2581
  C:0B67H         LINE#         2582
  C:0B68H         LINE#         2583
  C:0B6BH         LINE#         2584
  C:0B6CH         LINE#         2585
  C:0B6DH         LINE#         2586
  C:0B70H         LINE#         2587
  C:0B71H         LINE#         2588
  C:0B74H         LINE#         2589
  C:0B75H         LINE#         2597
  C:0B77H         LINE#         2598
  C:0B7AH         LINE#         2598
  C:0B7CH         LINE#         2598
  C:0B7EH         LINE#         2599
  C:0B80H         LINE#         2600
  C:0B83H         LINE#         2600
  C:0B85H         LINE#         2600
  C:0B87H         LINE#         2603
  C:0B8AH         LINE#         2604
  C:0B8DH         LINE#         2607
  C:0B90H         LINE#         2608
  C:0B92H         LINE#         2611
  C:0B94H         LINE#         2612
  C:0B96H         LINE#         2613
  C:0B98H         LINE#         2614
  C:0B9BH         LINE#         2614
  C:0B9DH         LINE#         2614
  C:0B9FH         LINE#         2615
  C:0BA1H         LINE#         2617
  C:0BA4H         LINE#         2618
  C:0BA6H         LINE#         2619
  C:0BA8H         LINE#         2620
  C:0BABH         LINE#         2624
  C:0BAEH         LINE#         2625
  C:0BB1H         LINE#         2626
  C:0BB3H         LINE#         2633
  C:0BB6H         LINE#         2634
  C:0BB9H         LINE#         2635
  C:0BBBH         LINE#         2637
  C:0BBDH         LINE#         2642
  C:0BBFH         LINE#         2646
  C:0BC0H         LINE#         2647
  C:0BC1H         LINE#         2651
  C:0BC3H         LINE#         2652
  C:0BC4H         LINE#         2653
  C:0BC6H         LINE#         2655
  C:0BC8H         LINE#         2658
BL51 BANKED LINKER/LOCATER V5.03                                                      06/30/2015  19:11:10  PAGE 29


  C:0BC9H         LINE#         2661
  C:0BCBH         LINE#         2662
  C:0BCDH         LINE#         2663
  C:0BCFH         LINE#         2664
  C:0BD1H         LINE#         2667
  C:0BD4H         LINE#         2668
  C:0BD6H         LINE#         2669
  C:0BD8H         LINE#         2670
  C:0BDAH         LINE#         2671
  C:0BDCH         LINE#         2672
  C:0BDEH         LINE#         2675
  C:0BE0H         LINE#         2679
  C:0BE3H         LINE#         2680
  C:0BE6H         LINE#         2683
  C:0BE8H         LINE#         2686
  C:0BEAH         LINE#         2687
  C:0BEBH         LINE#         2688
  C:0BECH         LINE#         2689
  C:0BEDH         LINE#         2690
  C:0BF0H         LINE#         2691
  C:0BF1H         LINE#         2692
  C:0BF3H         LINE#         2693
  C:0BF4H         LINE#         2697
  C:0BF6H         LINE#         2698
  C:0BF8H         LINE#         2700
  C:0BFBH         LINE#         2701
  C:0BFEH         LINE#         2702
  C:0C00H         LINE#         2705
  C:0C03H         LINE#         2706
  C:0C05H         LINE#         2708
  C:0C08H         LINE#         2711
  C:0C0BH         LINE#         2712
  C:0C0DH         LINE#         2713
  C:0C0FH         LINE#         2714
  C:0C12H         LINE#         2715
  C:0C14H         LINE#         2716
  C:0C17H         LINE#         2717
  C:0C18H         LINE#         2724
  C:0C1BH         LINE#         2725
  C:0C1DH         LINE#         2728
  C:0C1FH         LINE#         2729
  C:0C21H         LINE#         2730
  C:0C23H         LINE#         2731
  C:0C26H         LINE#         2731
  C:0C28H         LINE#         2731
  C:0C2AH         LINE#         2734
  C:0C2CH         LINE#         2739
  C:0C2FH         LINE#         2747
  C:0C31H         LINE#         2747
  C:0C33H         LINE#         2747
  C:0C35H         LINE#         2747
  C:0C37H         LINE#         2749
  C:0C3AH         LINE#         2750
  C:0C3CH         LINE#         2751
  C:0C3FH         LINE#         2752
  C:0C42H         LINE#         2753
  C:0C44H         LINE#         2755
BL51 BANKED LINKER/LOCATER V5.03                                                      06/30/2015  19:11:10  PAGE 30


  C:0C45H         LINE#         2756
  C:0C48H         LINE#         2758
  C:0C4AH         LINE#         2760
  C:0C4DH         LINE#         2762
  C:0C4FH         LINE#         2763
  C:0C52H         LINE#         2764
  C:0C54H         LINE#         2765
  C:0C57H         LINE#         2767
  C:0C58H         LINE#         2773
  C:0C5BH         LINE#         2773
  C:0C5DH         LINE#         2773
  C:0C5FH         LINE#         2773
  C:0C62H         LINE#         2773
  C:0C64H         LINE#         2773
  C:0C66H         LINE#         2773
  C:0C68H         LINE#         2773
  C:0C6BH         LINE#         2773
  C:0C6DH         LINE#         2773
  C:0C6FH         LINE#         2774
  C:0C70H         LINE#         2779
  C:0C73H         LINE#         2780
  C:0C74H         LINE#         2785
  C:0C77H         LINE#         2786
  C:0C79H         LINE#         2793
  C:0C7CH         LINE#         2794
  C:0C7DH         LINE#         2795
  C:0C7FH         LINE#         2796
  C:0C82H         LINE#         2797
  C:0C83H         LINE#         2798
  C:0C85H         LINE#         2800
  C:0C88H         LINE#         2801
  C:0C89H         LINE#         2802
  C:0C8BH         LINE#         2804
  C:0C8DH         LINE#         2805
  C:0C8FH         LINE#         2806
  C:0C91H         LINE#         2807
  C:0C93H         LINE#         2808
  C:0C96H         LINE#         2808
  C:0C98H         LINE#         2808
  C:0C9AH         LINE#         2809
  C:0C9CH         LINE#         2810
  C:0C9FH         LINE#         2813
  C:0CA1H         LINE#         2814
  C:0CA4H         LINE#         2814
  C:0CA6H         LINE#         2814
  C:0CA8H         LINE#         2815
  C:0CAAH         LINE#         2816
  C:0CADH         LINE#         2818
  C:0CAFH         LINE#         2818
  C:0CB1H         LINE#         2818
  C:0CB3H         LINE#         2818
  C:0CB5H         LINE#         2819
  C:0CB6H         LINE#         2820
  C:0CB7H         LINE#         2821
  C:0CB8H         LINE#         2822
  C:0CB9H         LINE#         2824
  C:0CBBH         LINE#         2825
BL51 BANKED LINKER/LOCATER V5.03                                                      06/30/2015  19:11:10  PAGE 31


  C:0CBEH         LINE#         2825
  C:0CC0H         LINE#         2825
  C:0CC2H         LINE#         2826
  C:0CC4H         LINE#         2827
  C:0CC7H         LINE#         2829
  C:0CC8H         LINE#         2830
  C:0CC9H         LINE#         2831
  C:0CCAH         LINE#         2832
  C:0CCBH         LINE#         2834
  C:0CCCH         LINE#         2835
  C:0CCEH         LINE#         2836
  C:0CD0H         LINE#         2837
  C:0CD2H         LINE#         2839
  C:0CD4H         LINE#         2840
  C:0CD7H         LINE#         2841
  C:0CD9H         LINE#         2842
  C:0CDBH         LINE#         2843
  C:0CDDH         LINE#         2844
  C:0CDFH         LINE#         2845
  C:0CE2H         LINE#         2845
  C:0CE4H         LINE#         2845
  C:0CE6H         LINE#         2847
  C:0CE7H         LINE#         2848
  C:0CE9H         LINE#         2853
  C:0CEBH         LINE#         2854
  C:0CEEH         LINE#         2854
  C:0CF0H         LINE#         2854
  C:0CF2H         LINE#         2855
  C:0CF3H         LINE#         2859
  C:0CF5H         LINE#         2860
  C:0CF8H         LINE#         2860
  C:0CFAH         LINE#         2860
  C:0CFCH         LINE#         2861
  C:0CFDH         LINE#         2866
  C:0CFFH         LINE#         2867
  C:0D02H         LINE#         2867
  C:0D04H         LINE#         2867
  C:0D06H         LINE#         2868
  C:0D07H         LINE#         2872
  C:0D09H         LINE#         2873
  C:0D0CH         LINE#         2873
  C:0D0EH         LINE#         2873
  C:0D10H         LINE#         2874
  C:0D11H         LINE#         2878
  C:0D13H         LINE#         2879
  C:0D16H         LINE#         2880
  C:0D17H         LINE#         2884
  C:0D1AH         LINE#         2885
  C:0D1DH         LINE#         2886
  C:0D20H         LINE#         2888
  C:0D21H         LINE#         2889
  C:0D22H         LINE#         2890
  C:0D24H         LINE#         2891
  C:0D27H         LINE#         2892
  C:0D28H         LINE#         2893
  C:0D29H         LINE#         2894
  C:0D2AH         LINE#         2895
BL51 BANKED LINKER/LOCATER V5.03                                                      06/30/2015  19:11:10  PAGE 32


  C:0D2CH         LINE#         2897
  C:0D2EH         LINE#         2898
  C:0D31H         LINE#         2899
  C:0D32H         LINE#         2903
  C:0D35H         LINE#         2904
  C:0D38H         LINE#         2905
  C:0D39H         LINE#         2909
  C:0D3BH         LINE#         2910
  C:0D3CH         LINE#         2914
  C:0D3EH         LINE#         2915
  C:0D3FH         LINE#         2920
  C:0D42H         LINE#         2926
  C:0D44H         LINE#         2929
  C:0D46H         LINE#         2930
  C:0D48H         LINE#         2931
  C:0D4AH         LINE#         2932
  C:0D4BH         LINE#         2934
  C:0D4DH         LINE#         2935
  C:0D4FH         LINE#         2936
  C:0D51H         LINE#         2937
  C:0D53H         LINE#         2938
  C:0D54H         LINE#         2940
  C:0D56H         LINE#         2941
  C:0D58H         LINE#         2942
  C:0D5AH         LINE#         2943
  C:0D5CH         LINE#         2944
  C:0D5DH         LINE#         2946
  C:0D5FH         LINE#         2947
  C:0D61H         LINE#         2948
  C:0D62H         LINE#         2952
  C:0D65H         LINE#         2955
  C:0D68H         LINE#         2957
  C:0D6AH         LINE#         2958
  C:0D6CH         LINE#         2959
  C:0D6FH         LINE#         2960
  C:0D71H         LINE#         2961
  C:0D73H         LINE#         2964
  C:0D76H         LINE#         2965
  C:0D77H         LINE#         2969
  C:0D78H         LINE#         2970
  C:0D7AH         LINE#         2976
  C:0D7DH         LINE#         2977
  C:0D7FH         LINE#         2978
  C:0D81H         LINE#         2980
  C:0D84H         LINE#         2981
  C:0D86H         LINE#         2982
  C:0D89H         LINE#         2983
  C:0D8BH         LINE#         2984
  C:0D8DH         LINE#         2986
  C:0D8FH         LINE#         2989
  C:0D91H         LINE#         2992
  C:0D94H         LINE#         2993
  C:0D97H         LINE#         2994
  C:0D98H         LINE#         2997
  C:0D9BH         LINE#         2998
  C:0D9EH         LINE#         2999
  C:0D9FH         LINE#         3003
BL51 BANKED LINKER/LOCATER V5.03                                                      06/30/2015  19:11:10  PAGE 33


  C:0DA1H         LINE#         3004
  C:0DA2H         LINE#         3009
  C:0DA5H         LINE#         3010
  C:0DA8H         LINE#         3011
  C:0DA9H         LINE#         3079
  C:0DABH         LINE#         3080
  C:0DAEH         LINE#         3082
  C:0DB0H         LINE#         3083
  C:0DB3H         LINE#         3085
  C:0DB5H         LINE#         3085
  C:0DB7H         LINE#         3085
  C:0DB9H         LINE#         3085
  C:0DBBH         LINE#         3085
  C:0DBDH         LINE#         3085
  C:0DBFH         LINE#         3085
  C:0DC1H         LINE#         3085
  C:0DC3H         LINE#         3085
  C:0DC5H         LINE#         3085
  C:0DC7H         LINE#         3085
  C:0DC9H         LINE#         3085
  C:0DCBH         LINE#         3085
  C:0DCDH         LINE#         3085
  C:0DCFH         LINE#         3085
  C:0DD1H         LINE#         3085
  C:0DD3H         LINE#         3085
  C:0DD5H         LINE#         3085
  C:0DD7H         LINE#         3085
  C:0DD9H         LINE#         3085
  C:0DDBH         LINE#         3085
  C:0DDDH         LINE#         3085
  C:0DDFH         LINE#         3085
  C:0DE1H         LINE#         3085
  C:0DE3H         LINE#         3085
  C:0DE5H         LINE#         3085
  C:0DE7H         LINE#         3085
  C:0DE9H         LINE#         3085
  C:0DEBH         LINE#         3085
[...]
  C:19EEH         LINE#         3953
  C:19F0H         LINE#         3954
  C:19F1H         LINE#         3955
  C:19F3H         LINE#         3956
  C:19F5H         LINE#         3957
  C:19F6H         LINE#         3958
  C:19F8H         LINE#         3959
  C:19FAH         LINE#         3960
  C:19FBH         LINE#         3961
  C:19FDH         LINE#         3962
  C:19FFH         LINE#         3963
  C:1A00H         LINE#         3964
  C:1A02H         LINE#         3965
  C:1A03H         LINE#         3973
  C:1A06H         LINE#         3974
  C:1A09H         LINE#         3975
  C:1A0CH         LINE#         3976
  C:1A0FH         LINE#         3977
  C:1A12H         LINE#         3978
  C:1A14H         LINE#         3979
  C:1A15H         LINE#         3983
  C:1A17H         LINE#         3984
  C:1A19H         LINE#         3985
  C:1A1BH         LINE#         3987
  C:1A1DH         LINE#         3988
  C:1A20H         LINE#         3989
  C:1A21H         LINE#         3991
BL51 BANKED LINKER/LOCATER V5.03                                                      06/30/2015  19:11:10  PAGE 61


  C:1A22H         LINE#         3992
  C:1A23H         LINE#         3993
  C:1A26H         LINE#         3995
  C:1A28H         LINE#         3996
  C:1A2AH         LINE#         3997
  C:1A2CH         LINE#         3998
  C:1A2DH         LINE#         4007
  C:1A2FH         LINE#         4008
  C:1A30H         LINE#         4009
  C:1A32H         LINE#         4011
  C:1A34H         LINE#         4012
  C:1A35H         LINE#         4013
  C:1A37H         LINE#         4015
  C:1A39H         LINE#         4016
  C:1A3AH         LINE#         4017
  C:1A3CH         LINE#         4019
  C:1A3EH         LINE#         4020
  C:1A3FH         LINE#         4021
  C:1A41H         LINE#         4023
  C:1A43H         LINE#         4024
  C:1A45H         LINE#         4033
  C:1A47H         LINE#         4034
  C:1A4AH         LINE#         4035
  C:1A4DH         LINE#         4036
  C:1A50H         LINE#         4037
  C:1A53H         LINE#         4038
  C:1A55H         LINE#         4039
  C:1A56H         LINE#         4048
  C:1A58H         LINE#         4049
  C:1A5AH         LINE#         4051
  C:1A5CH         LINE#         4052
  C:1A5DH         LINE#         4053
  C:1A5FH         LINE#         4055
  C:1A61H         LINE#         4056
  C:1A62H         LINE#         4057
  C:1A64H         LINE#         4059
  C:1A66H         LINE#         4060
  C:1A67H         LINE#         4061
  C:1A69H         LINE#         4063
  C:1A6BH         LINE#         4064
  C:1A6CH         LINE#         4065
  C:1A6EH         LINE#         4067
  C:1A70H         LINE#         4068
  C:1A71H         LINE#         4069
  C:1A73H         LINE#         4071
  C:1A75H         LINE#         4072
  C:1A76H         LINE#         4073
  C:1A78H         LINE#         4075
  C:1A7AH         LINE#         4076
  C:1A7BH         LINE#         4077
  C:1A7DH         LINE#         4079
  C:1A7FH         LINE#         4080
  C:1A80H         LINE#         4081
  C:1A82H         LINE#         4083
  C:1A83H         LINE#         4091
  C:1A84H         LINE#         4092
  C:1A86H         LINE#         4093
BL51 BANKED LINKER/LOCATER V5.03                                                      06/30/2015  19:11:10  PAGE 62


  C:1A88H         LINE#         4094
  C:1A8AH         LINE#         4095
  C:1A8BH         LINE#         4101
  C:1A8DH         LINE#         4102
  C:1A8EH         LINE#         4103
  C:1A90H         LINE#         4105
  C:1A92H         LINE#         4106
  C:1A93H         LINE#         4107
  C:1A95H         LINE#         4109
  C:1A97H         LINE#         4110
  C:1A99H         LINE#         4111
  C:1A9AH         LINE#         4116
  C:1A9CH         LINE#         4117
  C:1A9EH         LINE#         4118
  C:1AA0H         LINE#         4119
  C:1AA2H         LINE#         4121
  C:1AA5H         LINE#         4122
  C:1AA8H         LINE#         4123
  C:1AABH         LINE#         4126
  C:1AACH         LINE#         4127
  C:1AAEH         LINE#         4128
  C:1AB0H         LINE#         4129
  C:1AB2H         LINE#         4131
  C:1AB4H         LINE#         4132
  C:1AB6H         LINE#         4133
  C:1AB8H         LINE#         4134
  C:1ABAH         LINE#         4135
  C:1ABBH         LINE#         4140
  C:1ABDH         LINE#         4141
  C:1ABFH         LINE#         4142
  C:1AC1H         LINE#         4144
  C:1AC4H         LINE#         4145
  C:1AC7H         LINE#         4146
  C:1ACAH         LINE#         4149
  C:1ACBH         LINE#         4150
  C:1ACDH         LINE#         4151
  C:1ACFH         LINE#         4152
  C:1AD1H         LINE#         4154
  C:1AD3H         LINE#         4155
  C:1AD5H         LINE#         4156
  C:1AD7H         LINE#         4157
  C:1AD8H         LINE#         4164
  C:1ADAH         LINE#         4165
  C:1ADCH         LINE#         4166
  C:1ADEH         LINE#         4167
  C:1AE0H         LINE#         4168
  C:1AE1H         LINE#         4172
  C:1AE3H         LINE#         4173
  C:1AE5H         LINE#         4174
  C:1AE7H         LINE#         4175
  C:1AE9H         LINE#         4176
  C:1AEAH         LINE#         4180
  C:1AECH         LINE#         4181
  C:1AEFH         LINE#         4188
  C:1AF1H         LINE#         4189
  C:1AF2H         LINE#         4192
  C:1AF4H         LINE#         4193
BL51 BANKED LINKER/LOCATER V5.03                                                      06/30/2015  19:11:10  PAGE 63


  C:1AF5H         LINE#         4196
  C:1AF7H         LINE#         4197
  C:1AF8H         LINE#         4207
  C:1AFBH         LINE#         4208
  C:1AFEH         LINE#         4209
  C:1B01H         LINE#         4210
  C:1B04H         LINE#         4212
  C:1B06H         LINE#         4219
  C:1B08H         LINE#         4220
  C:1B0AH         LINE#         4221
  C:1B0CH         LINE#         4222
  C:1B0EH         LINE#         4223
  C:1B10H         LINE#         4224
  C:1B12H         LINE#         4225
  C:1B14H         LINE#         4226
  C:1B16H         LINE#         4228
  C:1B18H         LINE#         4230
  C:1B19H         LINE#         4231
  C:1B1BH         LINE#         4232
  C:1B1DH         LINE#         4233
  C:1B1FH         LINE#         4234
  C:1B21H         LINE#         4235
  C:1B23H         LINE#         4236
  C:1B26H         LINE#         4237
  C:1B29H         LINE#         4238
  C:1B2AH         LINE#         4241
  C:1B2CH         LINE#         4242
  C:1B2EH         LINE#         4243
  C:1B30H         LINE#         4244
  C:1B32H         LINE#         4248
  C:1B35H         LINE#         4249
  C:1B37H         LINE#         4250
  C:1B3AH         LINE#         4252
  C:1B3BH         LINE#         4253
  C:1B3DH         LINE#         4254
  C:1B3FH         LINE#         4255
  C:1B41H         LINE#         4256
  C:1B42H         LINE#         4257
  C:1B43H         LINE#         4259
  C:1B45H         LINE#         4260
  C:1B47H         LINE#         4264
  C:1B4AH         LINE#         4265
  C:1B4CH         LINE#         4267
  C:1B4DH         LINE#         4268
  C:1B4EH         LINE#         4269
  C:1B4FH         LINE#         4270
  C:1B50H         LINE#         4271
  C:1B53H         LINE#         4275
  C:1B55H         LINE#         4276
  C:1B57H         LINE#         4278
  C:1B5AH         LINE#         4279
  C:1B5DH         LINE#         4282
  C:1B60H         LINE#         4283
  C:1B62H         LINE#         4286
  C:1B63H         LINE#         4287
  C:1B64H         LINE#         4288
  C:1B65H         LINE#         4289
BL51 BANKED LINKER/LOCATER V5.03                                                      06/30/2015  19:11:10  PAGE 64


  C:1B66H         LINE#         4290
  C:1B67H         LINE#         4291
  C:1B68H         LINE#         4293
  C:1B69H         LINE#         4294
  C:1B6AH         LINE#         4295
  C:1B6CH         LINE#         4296
  C:1B6DH         LINE#         4297
  C:1B6EH         LINE#         4298
  C:1B70H         LINE#         4299
  C:1B71H         LINE#         4300
  C:1B73H         LINE#         4303
  C:1B74H         LINE#         4304
  C:1B77H         LINE#         4305
  C:1B79H         LINE#         4308
  C:1B7AH         LINE#         4309
  C:1B7BH         LINE#         4310
  C:1B7CH         LINE#         4311
  C:1B7DH         LINE#         4312
  C:1B7EH         LINE#         4313
  C:1B7FH         LINE#         4314
  C:1B81H         LINE#         4315
  C:1B82H         LINE#         4316
  C:1B83H         LINE#         4318
  C:1B85H         LINE#         4319
  C:1B87H         LINE#         4320
  C:1B89H         LINE#         4321
  C:1B8BH         LINE#         4322
  C:1B8DH         LINE#         4323
  C:1B8FH         LINE#         4324
  C:1B91H         LINE#         4325
  C:1B93H         LINE#         4327
  C:1B95H         LINE#         4335
  C:1B97H         LINE#         4336
  C:1B9AH         LINE#         4337
  C:1B9DH         LINE#         4338
  C:1BA0H         LINE#         4339
  C:1BA3H         LINE#         4340
  C:1BA6H         LINE#         4341
  C:1BA8H         LINE#         4342
  C:1BA9H         LINE#         4350
  C:1BABH         LINE#         4351
  C:1BADH         LINE#         4353
  C:1BB0H         LINE#         4353
  C:1BB2H         LINE#         4353
  C:1BB4H         LINE#         4353
  C:1BB6H         LINE#         4353
  C:1BB8H         LINE#         4354
  C:1BB9H         LINE#         4363
  C:1BBBH         LINE#         4364
  C:1BBDH         LINE#         4365
  C:1BBFH         LINE#         4366
  C:1BC1H         LINE#         4368
  C:1BC3H         LINE#         4369
  C:1BC5H         LINE#         4371
  C:1BC8H         LINE#         4372
  C:1BCBH         LINE#         4375
  C:1BCCH         LINE#         4376
BL51 BANKED LINKER/LOCATER V5.03                                                      06/30/2015  19:11:10  PAGE 65


  C:1BCEH         LINE#         4377
  C:1BCFH         LINE#         4378
  C:1BD0H         LINE#         4379
  C:1BD2H         LINE#         4380
  C:1BD3H         LINE#         4382
  C:1BD4H         LINE#         4383
  C:1BD5H         LINE#         4384
  C:1BD7H         LINE#         4385
  C:1BD8H         LINE#         4386
  C:1BD9H         LINE#         4387
  C:1BDBH         LINE#         4388
  C:1BDCH         LINE#         4389
  C:1BDEH         LINE#         4391
  C:1BDFH         LINE#         4392
  C:1BE0H         LINE#         4400
  C:1BE2H         LINE#         4401
  C:1BE3H         LINE#         4402
  C:1BE5H         LINE#         4403
  C:1BE6H         LINE#         4404
  C:1BE8H         LINE#         4405
  C:1BE9H         LINE#         4406
  C:1BEBH         LINE#         4408
  C:1BEDH         LINE#         4409
  C:1BEEH         LINE#         4410
  C:1BEFH         LINE#         4411
  C:1BF1H         LINE#         4413
  C:1BF3H         LINE#         4414
  C:1BF5H         LINE#         4415
  C:1BF7H         LINE#         4416
  C:1BF9H         LINE#         4417
  C:1BFBH         LINE#         4419
  C:1BFDH         LINE#         4420
  C:1BFFH         LINE#         4421
  C:1C00H         LINE#         4429
  C:1C02H         LINE#         4430
  C:1C05H         LINE#         4431
  C:1C08H         LINE#         4434
  C:1C09H         LINE#         4435
  C:1C0AH         LINE#         4436
  C:1C0BH         LINE#         4437
  C:1C0DH         LINE#         4438
  C:1C0EH         LINE#         4440
  C:1C0FH         LINE#         4441
  C:1C10H         LINE#         4442
  C:1C11H         LINE#         4443
  C:1C14H         LINE#         4445
  C:1C16H         LINE#         4446
  C:1C17H         LINE#         4447
  C:1C18H         LINE#         4448
  C:1C19H         LINE#         4449
  C:1C1AH         LINE#         4450
  C:1C1BH         LINE#         4452
  C:1C1DH         LINE#         4453
  C:1C1EH         LINE#         4454
  C:1C1FH         LINE#         4466
  C:1C21H         LINE#         4467
  C:1C23H         LINE#         4468
BL51 BANKED LINKER/LOCATER V5.03                                                      06/30/2015  19:11:10  PAGE 66


  C:1C25H         LINE#         4469
  C:1C27H         LINE#         4471
  C:1C29H         LINE#         4472
  C:1C2CH         LINE#         4473
  C:1C2FH         LINE#         4474
  C:1C32H         LINE#         4475
  C:1C35H         LINE#         4476
  C:1C38H         LINE#         4477
  C:1C3BH         LINE#         4478
  C:1C3DH         LINE#         4479
  C:1C3FH         LINE#         4481
  C:1C41H         LINE#         4482
  C:1C44H         LINE#         4483
  C:1C46H         LINE#         4485
  C:1C49H         LINE#         4486
  C:1C4CH         LINE#         4488
  C:1C4DH         LINE#         4489
  C:1C4FH         LINE#         4490
  C:1C50H         LINE#         4491
  C:1C51H         LINE#         4492
  C:1C53H         LINE#         4493
  C:1C54H         LINE#         4494
  C:1C57H         LINE#         4496
  C:1C59H         LINE#         4497
  C:1C5BH         LINE#         4498
  C:1C5DH         LINE#         4499
  C:1C5EH         LINE#         4507
  C:1C60H         LINE#         4508
  C:1C62H         LINE#         4509
  C:1C64H         LINE#         4511
  C:1C66H         LINE#         4512
  C:1C68H         LINE#         4513
  C:1C6AH         LINE#         4515
  C:1C6DH         LINE#         4516
  C:1C6FH         LINE#         4518
  C:1C71H         LINE#         4520
  C:1C74H         LINE#         4521
  C:1C77H         LINE#         4522
  C:1C79H         LINE#         4525
  C:1C7CH         LINE#         4526
  C:1C7FH         LINE#         4527
  C:1C81H         LINE#         4530
  C:1C84H         LINE#         4531
  C:1C87H         LINE#         4532
  C:1C89H         LINE#         4535
  C:1C8CH         LINE#         4536
  C:1C8FH         LINE#         4537
  C:1C91H         LINE#         4540
  C:1C94H         LINE#         4541
  C:1C97H         LINE#         4542
  C:1C99H         LINE#         4545
  C:1C9CH         LINE#         4546
  C:1C9FH         LINE#         4547
  C:1CA1H         LINE#         4550
  C:1CA4H         LINE#         4551
  C:1CA7H         LINE#         4552
  C:1CA9H         LINE#         4555
BL51 BANKED LINKER/LOCATER V5.03                                                      06/30/2015  19:11:10  PAGE 67


  C:1CACH         LINE#         4556
  C:1CAFH         LINE#         4557
  C:1CB1H         LINE#         4560
  C:1CB3H         LINE#         4561
  C:1CB5H         LINE#         4562
  C:1CB7H         LINE#         4563
  C:1CB9H         LINE#         4565
  C:1CBBH         LINE#         4566
  C:1CBDH         LINE#         4567
  C:1CBFH         LINE#         4568
  C:1CC1H         LINE#         4569
  C:1CC2H         LINE#         4580
  C:1CC3H         LINE#         4582
  C:1CC4H         LINE#         4583
  C:1CC5H         LINE#         4584
  C:1CC6H         LINE#         4585
  C:1CC7H         LINE#         4586
  C:1CC8H         LINE#         4588
  C:1CC9H         LINE#         4589
  C:1CCAH         LINE#         4590
  C:1CCBH         LINE#         4591
  C:1CCCH         LINE#         4592
  C:1CCDH         LINE#         4594
  C:1CCEH         LINE#         4595
  C:1CCFH         LINE#         4604
  C:1CD1H         LINE#         4605
  C:1CD3H         LINE#         4606
  C:1CD5H         LINE#         4607
  C:1CD7H         LINE#         4610
  C:1CD8H         LINE#         4611
  C:1CD9H         LINE#         4612
  C:1CDAH         LINE#         4613
  C:1CDBH         LINE#         4614
  C:1CDCH         LINE#         4616
  C:1CDDH         LINE#         4617
  C:1CDEH         LINE#         4618
  C:1CDFH         LINE#         4619
  C:1CE0H         LINE#         4620
  C:1CE1H         LINE#         4622
  C:1CE2H         LINE#         4623
  C:1CE3H         LINE#         4624
  C:1CE4H         LINE#         4625
  C:1CE5H         LINE#         4626
  C:1CE6H         LINE#         4628
  C:1CE7H         LINE#         4630
  C:1CEAH         LINE#         4633
  C:1CECH         LINE#         4634
  C:1CEEH         LINE#         4635
  C:1CEFH         LINE#         4640
  C:1CF1H         LINE#         4641
  C:1CF3H         LINE#         4642
  C:1CF5H         LINE#         4643
  C:1CF7H         LINE#         4645
  C:1CFAH         LINE#         4647
  C:1CFDH         LINE#         4648
  C:1D00H         LINE#         4650
  C:1D02H         LINE#         4651
BL51 BANKED LINKER/LOCATER V5.03                                                      06/30/2015  19:11:10  PAGE 68


  C:1D04H         LINE#         4652
  C:1D06H         LINE#         4653
  C:1D07H         LINE#         4657
  C:1D09H         LINE#         4658
  C:1D0BH         LINE#         4659
  C:1D0DH         LINE#         4661
  C:1D0FH         LINE#         4664
  C:1D12H         LINE#         4667
  C:1D15H         LINE#         4669
  C:1D18H         LINE#         4670
  C:1D1BH         LINE#         4672
  C:1D1EH         LINE#         4674
  C:1D20H         LINE#         4675
  C:1D22H         LINE#         4676
  C:1D24H         LINE#         4677
  C:1D25H         LINE#         4681
  C:1D27H         LINE#         4682
  C:1D29H         LINE#         4683
  C:1D2BH         LINE#         4684
  C:1D2DH         LINE#         4685
  C:1D2EH         LINE#         4688
  C:1D30H         LINE#         4689
  C:1D32H         LINE#         4690
  C:1D34H         LINE#         4691
  C:1D36H         LINE#         4692
  C:1D37H         LINE#         4695
  C:1D39H         LINE#         4696
  C:1D3BH         LINE#         4699
  C:1D3DH         LINE#         4700
  C:1D3FH         LINE#         4724
  C:1D41H         LINE#         4725
  C:1D43H         LINE#         4726
  C:1D46H         LINE#         4727
  C:1D47H         LINE#         4740
  C:1D49H         LINE#         4740
  C:1D4BH         LINE#         4740
  C:1D4DH         LINE#         4740
  C:1D4FH         LINE#         4743
  C:1D52H         LINE#         4744
  C:1D54H         LINE#         4745
  C:1D56H         LINE#         4746
  C:1D57H         LINE#         4753
  C:1D5AH         LINE#         4754
  C:1D5BH         LINE#         4755
  C:1D5CH         LINE#         4759
  C:1D5EH         LINE#         4760
  C:1D60H         LINE#         4761
  C:1D61H         LINE#         4762
  C:1D62H         LINE#         4768
  C:1D65H         LINE#         4769
  C:1D68H         LINE#         4771
  C:1D6AH         LINE#         4772
  C:1D6CH         LINE#         4773
  C:1D6FH         LINE#         4776
  C:1D70H         LINE#         4783
  C:1D72H         LINE#         4786
  C:1D73H         LINE#         4787
BL51 BANKED LINKER/LOCATER V5.03                                                      06/30/2015  19:11:10  PAGE 69


  C:1D74H         LINE#         4788
  C:1D76H         LINE#         4793
  C:1D78H         LINE#         4794
  C:1D7AH         LINE#         4795
  C:1D7DH         LINE#         4797
  C:1D7EH         LINE#         4802
  C:1D80H         LINE#         4805
  C:1D82H         LINE#         4806
  -------         ENDMOD        MEDIPIX

*** WARNING L4: DATA SPACE MEMORY OVERLAP
    FROM:    0000H
    TO:      0075H

Program Size: data=126.0 xdata=968 code=7695
LINK/LOCATE RUN COMPLETE.  1 WARNING(S),  0 ERROR(S)
